16:40:43 **** Build of configuration Debug for project appli2 ****
make all 
make --no-print-directory pre-build
a9-linaro-pre-build-step
' '
make --no-print-directory main-build
'Building file: ../src/verbose/verbose.c'
'Invoking: ARM v7 g++ compiler'
arm-none-eabi-g++ -Wall -O0 -g3 -c -fmessage-length=0 -MT"src/verbose/verbose.o" -mcpu=cortex-a9 -mfpu=vfpv3 -mfloat-abi=hard -IF:/PFE/test_achil/plat2/export/plat2/sw/plat2/standalone_domain/bspinclude/include -MMD -MP -MF"src/verbose/verbose.d" -MT"src/verbose/verbose.o" -o "src/verbose/verbose.o" "../src/verbose/verbose.c"
'Finished building: ../src/verbose/verbose.c'
' '
'Building file: ../src/uart/uart_ps.c'
'Invoking: ARM v7 g++ compiler'
arm-none-eabi-g++ -Wall -O0 -g3 -c -fmessage-length=0 -MT"src/uart/uart_ps.o" -mcpu=cortex-a9 -mfpu=vfpv3 -mfloat-abi=hard -IF:/PFE/test_achil/plat2/export/plat2/sw/plat2/standalone_domain/bspinclude/include -MMD -MP -MF"src/uart/uart_ps.d" -MT"src/uart/uart_ps.o" -o "src/uart/uart_ps.o" "../src/uart/uart_ps.c"
'Finished building: ../src/uart/uart_ps.c'
' '
'Building file: ../src/platform/platform.c'
'Invoking: ARM v7 g++ compiler'
arm-none-eabi-g++ -Wall -O0 -g3 -c -fmessage-length=0 -MT"src/platform/platform.o" -mcpu=cortex-a9 -mfpu=vfpv3 -mfloat-abi=hard -IF:/PFE/test_achil/plat2/export/plat2/sw/plat2/standalone_domain/bspinclude/include -MMD -MP -MF"src/platform/platform.d" -MT"src/platform/platform.o" -o "src/platform/platform.o" "../src/platform/platform.c"
'Finished building: ../src/platform/platform.c'
' '
'Building file: ../src/main.cc'
'Invoking: ARM v7 g++ compiler'
arm-none-eabi-g++ -Wall -O0 -g3 -c -fmessage-length=0 -MT"src/main.o" -mcpu=cortex-a9 -mfpu=vfpv3 -mfloat-abi=hard -IF:/PFE/test_achil/plat2/export/plat2/sw/plat2/standalone_domain/bspinclude/include -MMD -MP -MF"src/main.d" -MT"src/main.o" -o "src/main.o" "../src/main.cc"
'Finished building: ../src/main.cc'
' '
'Building target: appli2.elf'
'Invoking: ARM v7 g++ linker'
arm-none-eabi-g++ -mcpu=cortex-a9 -mfpu=vfpv3 -mfloat-abi=hard -Wl,-build-id=none -specs=Xilinx.spec -Wl,-T -Wl,../src/lscript.ld -LF:/PFE/test_achil/plat2/export/plat2/sw/plat2/standalone_domain/bsplib/lib -o "appli2.elf"  ./src/verbose/verbose.o  ./src/uart/uart_ps.o  ./src/platform/platform.o  ./src/main.o   -Wl,--start-group,-lxil,-lgcc,-lc,-lstdc++,--end-group
'Finished building target: appli2.elf'
' '
'Invoking: ARM v7 Print Size'
arm-none-eabi-size appli2.elf  |tee "appli2.elf.size"
   text	   data	    bss	    dec	    hex	filename
 633731	   3992	 152732	 790455	  c0fb7	appli2.elf
'Finished building: appli2.elf.size'
' '

16:40:47 Build Finished (took 3s.929ms)

