Nothing to build in platform 'plat'

16:38:17 **** Incremental Build of configuration Debug for project application ****
make all 
make --no-print-directory pre-build
a9-linaro-pre-build-step
' '
make --no-print-directory main-build
'Building file: ../src/main.cc'
'Invoking: ARM v7 g++ compiler'
arm-none-eabi-g++ -Wall -O0 -g3 -c -fmessage-length=0 -MT"src/main.o" -mcpu=cortex-a9 -mfpu=vfpv3 -mfloat-abi=hard -IF:/PFE/Pcam_Adapter_base_vitis/plat/export/plat/sw/plat/standalone_domain/bspinclude/include -MMD -MP -MF"src/main.d" -MT"src/main.o" -o "src/main.o" "../src/main.cc"
'Finished building: ../src/main.cc'
' '
'Building target: application.elf'
'Invoking: ARM v7 g++ linker'
arm-none-eabi-g++ -mcpu=cortex-a9 -mfpu=vfpv3 -mfloat-abi=hard -Wl,-build-id=none -specs=Xilinx.spec -Wl,-T -Wl,../src/lscript.ld -LF:/PFE/Pcam_Adapter_base_vitis/plat/export/plat/sw/plat/standalone_domain/bsplib/lib -o "application.elf"  ./src/verbose/verbose.o  ./src/uart/uart_ps.o  ./src/platform/platform.o  ./src/main.o   -Wl,--start-group,-lxil,-lgcc,-lc,-lstdc++,--end-group
'Finished building target: application.elf'
' '
'Invoking: ARM v7 Print Size'
arm-none-eabi-size application.elf  |tee "application.elf.size"
   text	   data	    bss	    dec	    hex	filename
 633667	   3992	 152732	 790391	  c0f77	application.elf
'Finished building: application.elf.size'
' '
16:38:21 **** Incremental Build of configuration Debug for project application_system ****
make all 
Generating bif file for the system project
generate_system_bif.bat 50329 F:/PFE/Pcam_Adapter_base_vitis/plat/export/plat/plat.xpfm standalone_domain F:/PFE/Pcam_Adapter_base_vitis/application_system/Debug/system.bif
sdcard_gen --xpfm F:/PFE/Pcam_Adapter_base_vitis/plat/export/plat/plat.xpfm --sys_config plat --bif F:/PFE/Pcam_Adapter_base_vitis/application_system/Debug/system.bif --bitstream F:/PFE/Pcam_Adapter_base_vitis/application/_ide/bitstream/systeme_complet.bit --elf F:/PFE/Pcam_Adapter_base_vitis/application/Debug/application.elf,ps7_cortexa9_0
creating BOOT.BIN using F:/PFE/Pcam_Adapter_base_vitis/application/_ide/bitstream/systeme_complet.bit
Running C:/Xilinx/Vitis/2019.2/bin/bootgen  -image F:/PFE/Pcam_Adapter_base_vitis/application_system/Debug/sd_card_temp/boot.bif -w -o i BOOT.BIN
