

================================================================
== Vivado HLS Report for 'incrust_finjeu'
================================================================
* Date:           Thu Jan 25 17:20:52 2024

* Version:        2019.2 (Build 2704478 on Wed Nov 06 22:10:23 MST 2019)
* Project:        incrust_finjeu
* Solution:       solution1
* Product family: zynq
* Target device:  xc7z020-clg484-1


================================================================
== Performance Estimates
================================================================
+ Timing: 
    * Summary: 
    +--------+----------+----------+------------+
    |  Clock |  Target  | Estimated| Uncertainty|
    +--------+----------+----------+------------+
    |ap_clk  | 10.00 ns | 8.510 ns |   1.25 ns  |
    +--------+----------+----------+------------+

+ Latency: 
    * Summary: 
    +---------+---------+----------+----------+-----+-----+---------+
    |  Latency (cycles) |  Latency (absolute) |  Interval | Pipeline|
    |   min   |   max   |    min   |    max   | min | max |   Type  |
    +---------+---------+----------+----------+-----+-----+---------+
    |        ?|        ?|         ?|         ?|    ?|    ?|   none  |
    +---------+---------+----------+----------+-----+-----+---------+

    + Detail: 
        * Instance: 
        N/A

        * Loop: 
        +----------+---------+---------+----------+-----------+-----------+------+----------+
        |          |  Latency (cycles) | Iteration|  Initiation Interval  | Trip |          |
        | Loop Name|   min   |   max   |  Latency |  achieved |   target  | Count| Pipelined|
        +----------+---------+---------+----------+-----------+-----------+------+----------+
        |- Loop 1  |        ?|        ?|         3|          1|          1|     ?|    yes   |
        +----------+---------+---------+----------+-----------+-----------+------+----------+

============================================================
+ Verbose Summary: Synthesis Manager
============================================================
InlineROM: 1
ExposeGlobal: 0
============================================================
+ Verbose Summary: CDFG Model
============================================================
IsTopModel: 1
ResetActiveHigh: 1
IsCombinational: 0
IsDatapathOnly: 0
HasWiredReturn: 1
HasMFsm: 0
HasVarLatency: 1
IsPipeline: 0
IsRtlPipelined: 0
IsInstanceOverlapped: 0
IsDontTouch: 0
HasImplIP: 0
IsGatedGlobalClock: 0

+ Individual pipeline summary: 
  * Pipeline-0: initiation interval (II) = 1, depth = 3


============================================================
+ Verbose Summary: Schedule
============================================================
* Number of FSM states : 5
* Pipeline : 1
  Pipeline-0 : II = 1, D = 3, States = { 2 3 4 }
* Dataflow Pipeline: 0

* FSM state transitions: 
1 --> 2 
2 --> 5 3 
3 --> 4 
4 --> 2 
5 --> 

* FSM state operations: 

State 1 <SV = 0> <Delay = 8.51>
ST_1 : Operation 6 [1/1] (0.00ns)   --->   "call void (...)* @_ssdm_op_SpecBitsMap(i24* %s_axis_video_V_data_V), !map !45"   --->   Operation 6 'specbitsmap' <Predicate = true> <Delay = 0.00>
ST_1 : Operation 7 [1/1] (0.00ns)   --->   "call void (...)* @_ssdm_op_SpecBitsMap(i3* %s_axis_video_V_keep_V), !map !49"   --->   Operation 7 'specbitsmap' <Predicate = true> <Delay = 0.00>
ST_1 : Operation 8 [1/1] (0.00ns)   --->   "call void (...)* @_ssdm_op_SpecBitsMap(i3* %s_axis_video_V_strb_V), !map !53"   --->   Operation 8 'specbitsmap' <Predicate = true> <Delay = 0.00>
ST_1 : Operation 9 [1/1] (0.00ns)   --->   "call void (...)* @_ssdm_op_SpecBitsMap(i1* %s_axis_video_V_user_V), !map !57"   --->   Operation 9 'specbitsmap' <Predicate = true> <Delay = 0.00>
ST_1 : Operation 10 [1/1] (0.00ns)   --->   "call void (...)* @_ssdm_op_SpecBitsMap(i1* %s_axis_video_V_last_V), !map !61"   --->   Operation 10 'specbitsmap' <Predicate = true> <Delay = 0.00>
ST_1 : Operation 11 [1/1] (0.00ns)   --->   "call void (...)* @_ssdm_op_SpecBitsMap(i1* %s_axis_video_V_id_V), !map !65"   --->   Operation 11 'specbitsmap' <Predicate = true> <Delay = 0.00>
ST_1 : Operation 12 [1/1] (0.00ns)   --->   "call void (...)* @_ssdm_op_SpecBitsMap(i1* %s_axis_video_V_dest_V), !map !69"   --->   Operation 12 'specbitsmap' <Predicate = true> <Delay = 0.00>
ST_1 : Operation 13 [1/1] (0.00ns)   --->   "call void (...)* @_ssdm_op_SpecBitsMap(i24* %m_axis_video_V_data_V), !map !73"   --->   Operation 13 'specbitsmap' <Predicate = true> <Delay = 0.00>
ST_1 : Operation 14 [1/1] (0.00ns)   --->   "call void (...)* @_ssdm_op_SpecBitsMap(i3* %m_axis_video_V_keep_V), !map !77"   --->   Operation 14 'specbitsmap' <Predicate = true> <Delay = 0.00>
ST_1 : Operation 15 [1/1] (0.00ns)   --->   "call void (...)* @_ssdm_op_SpecBitsMap(i3* %m_axis_video_V_strb_V), !map !81"   --->   Operation 15 'specbitsmap' <Predicate = true> <Delay = 0.00>
ST_1 : Operation 16 [1/1] (0.00ns)   --->   "call void (...)* @_ssdm_op_SpecBitsMap(i1* %m_axis_video_V_user_V), !map !85"   --->   Operation 16 'specbitsmap' <Predicate = true> <Delay = 0.00>
ST_1 : Operation 17 [1/1] (0.00ns)   --->   "call void (...)* @_ssdm_op_SpecBitsMap(i1* %m_axis_video_V_last_V), !map !89"   --->   Operation 17 'specbitsmap' <Predicate = true> <Delay = 0.00>
ST_1 : Operation 18 [1/1] (0.00ns)   --->   "call void (...)* @_ssdm_op_SpecBitsMap(i1* %m_axis_video_V_id_V), !map !93"   --->   Operation 18 'specbitsmap' <Predicate = true> <Delay = 0.00>
ST_1 : Operation 19 [1/1] (0.00ns)   --->   "call void (...)* @_ssdm_op_SpecBitsMap(i1* %m_axis_video_V_dest_V), !map !97"   --->   Operation 19 'specbitsmap' <Predicate = true> <Delay = 0.00>
ST_1 : Operation 20 [1/1] (0.00ns)   --->   "call void (...)* @_ssdm_op_SpecBitsMap(i32 %hsize_in), !map !101"   --->   Operation 20 'specbitsmap' <Predicate = true> <Delay = 0.00>
ST_1 : Operation 21 [1/1] (0.00ns)   --->   "call void (...)* @_ssdm_op_SpecBitsMap(i32 %vsize_in), !map !107"   --->   Operation 21 'specbitsmap' <Predicate = true> <Delay = 0.00>
ST_1 : Operation 22 [1/1] (0.00ns)   --->   "call void (...)* @_ssdm_op_SpecBitsMap(i32 %mode), !map !111"   --->   Operation 22 'specbitsmap' <Predicate = true> <Delay = 0.00>
ST_1 : Operation 23 [1/1] (0.00ns)   --->   "call void (...)* @_ssdm_op_SpecTopModule([15 x i8]* @incrust_finjeu_str) nounwind"   --->   Operation 23 'spectopmodule' <Predicate = true> <Delay = 0.00>
ST_1 : Operation 24 [1/1] (1.00ns)   --->   "%mode_read = call i32 @_ssdm_op_Read.s_axilite.i32(i32 %mode)"   --->   Operation 24 'read' 'mode_read' <Predicate = true> <Delay = 1.00> <Core = "s_axilite">   --->   Core 10 's_axilite' <Latency = 0> <II = 1> <Delay = 1.00> <Adapter> <Opcode : 'read' 'write'>
ST_1 : Operation 25 [1/1] (0.00ns)   --->   "%vsize_in_read = call i32 @_ssdm_op_Read.ap_auto.i32(i32 %vsize_in)"   --->   Operation 25 'read' 'vsize_in_read' <Predicate = true> <Delay = 0.00>
ST_1 : Operation 26 [1/1] (0.00ns)   --->   "%hsize_in_read = call i32 @_ssdm_op_Read.ap_auto.i32(i32 %hsize_in)"   --->   Operation 26 'read' 'hsize_in_read' <Predicate = true> <Delay = 0.00>
ST_1 : Operation 27 [1/1] (0.00ns)   --->   "call void (...)* @_ssdm_op_SpecInterface(i32 0, [13 x i8]* @p_str, i32 0, i32 0, [1 x i8]* @p_str2, i32 0, i32 0, [1 x i8]* @p_str2, [1 x i8]* @p_str2, [1 x i8]* @p_str2, i32 0, i32 0, i32 0, i32 0, [1 x i8]* @p_str2, [1 x i8]* @p_str2) nounwind" [incrust_finjeu/incrustfinjeu.cpp:14]   --->   Operation 27 'specinterface' <Predicate = true> <Delay = 0.00>
ST_1 : Operation 28 [1/1] (0.00ns)   --->   "call void (...)* @_ssdm_op_SpecInterface(i24* %s_axis_video_V_data_V, i3* %s_axis_video_V_keep_V, i3* %s_axis_video_V_strb_V, i1* %s_axis_video_V_user_V, i1* %s_axis_video_V_last_V, i1* %s_axis_video_V_id_V, i1* %s_axis_video_V_dest_V, [5 x i8]* @p_str3, i32 1, i32 1, [5 x i8]* @p_str4, i32 0, i32 0, [1 x i8]* @p_str2, [1 x i8]* @p_str2, [1 x i8]* @p_str2, i32 0, i32 0, i32 0, i32 0, [1 x i8]* @p_str2, [1 x i8]* @p_str2) nounwind" [incrust_finjeu/incrustfinjeu.cpp:14]   --->   Operation 28 'specinterface' <Predicate = true> <Delay = 0.00>
ST_1 : Operation 29 [1/1] (0.00ns)   --->   "call void (...)* @_ssdm_op_SpecInterface(i24* %m_axis_video_V_data_V, i3* %m_axis_video_V_keep_V, i3* %m_axis_video_V_strb_V, i1* %m_axis_video_V_user_V, i1* %m_axis_video_V_last_V, i1* %m_axis_video_V_id_V, i1* %m_axis_video_V_dest_V, [5 x i8]* @p_str3, i32 1, i32 1, [5 x i8]* @p_str4, i32 0, i32 0, [1 x i8]* @p_str2, [1 x i8]* @p_str2, [1 x i8]* @p_str2, i32 0, i32 0, i32 0, i32 0, [1 x i8]* @p_str2, [1 x i8]* @p_str2) nounwind" [incrust_finjeu/incrustfinjeu.cpp:15]   --->   Operation 29 'specinterface' <Predicate = true> <Delay = 0.00>
ST_1 : Operation 30 [1/1] (0.00ns)   --->   "call void (...)* @_ssdm_op_SpecInterface(i32 %mode, [10 x i8]* @p_str5, i32 0, i32 0, [1 x i8]* @p_str2, i32 0, i32 0, [1 x i8]* @p_str2, [1 x i8]* @p_str2, [1 x i8]* @p_str2, i32 0, i32 0, i32 0, i32 0, [1 x i8]* @p_str2, [1 x i8]* @p_str2) nounwind" [incrust_finjeu/incrustfinjeu.cpp:16]   --->   Operation 30 'specinterface' <Predicate = true> <Delay = 0.00>
ST_1 : Operation 31 [1/1] (2.47ns)   --->   "%icmp_ln27 = icmp eq i32 %mode_read, 1" [incrust_finjeu/incrustfinjeu.cpp:27]   --->   Operation 31 'icmp' 'icmp_ln27' <Predicate = true> <Delay = 2.47> <Core = "Cmp">   --->   Core 25 'Cmp' <Latency = 0> <II = 1> <Delay = 2.47> <FuncUnit> <Opcode : 'icmp'> <InPorts = 2> <OutPorts = 1>
ST_1 : Operation 32 [1/1] (0.00ns)   --->   "%cast = zext i32 %vsize_in_read to i64"   --->   Operation 32 'zext' 'cast' <Predicate = true> <Delay = 0.00>
ST_1 : Operation 33 [1/1] (0.00ns)   --->   "%cast1 = zext i32 %hsize_in_read to i64"   --->   Operation 33 'zext' 'cast1' <Predicate = true> <Delay = 0.00>
ST_1 : Operation 34 [1/1] (8.51ns)   --->   "%bound = mul i64 %cast1, %cast"   --->   Operation 34 'mul' 'bound' <Predicate = true> <Delay = 8.51> <Core = "Mul">   --->   Core 16 'Mul' <Latency = 0> <II = 1> <Delay = 8.51> <FuncUnit> <Opcode : 'mul'> <InPorts = 2> <OutPorts = 1>
ST_1 : Operation 35 [1/1] (1.76ns)   --->   "br label %1" [incrust_finjeu/incrustfinjeu.cpp:20]   --->   Operation 35 'br' <Predicate = true> <Delay = 1.76>

State 2 <SV = 1> <Delay = 7.66>
ST_2 : Operation 36 [1/1] (0.00ns)   --->   "%indvar_flatten = phi i64 [ 0, %0 ], [ %add_ln20, %.reset ]" [incrust_finjeu/incrustfinjeu.cpp:20]   --->   Operation 36 'phi' 'indvar_flatten' <Predicate = true> <Delay = 0.00>
ST_2 : Operation 37 [1/1] (0.00ns)   --->   "%i_0 = phi i31 [ 0, %0 ], [ %select_ln20_2, %.reset ]" [incrust_finjeu/incrustfinjeu.cpp:20]   --->   Operation 37 'phi' 'i_0' <Predicate = true> <Delay = 0.00>
ST_2 : Operation 38 [1/1] (0.00ns)   --->   "%pixel_1 = phi i32 [ 0, %0 ], [ %pixel_3, %.reset ]"   --->   Operation 38 'phi' 'pixel_1' <Predicate = true> <Delay = 0.00>
ST_2 : Operation 39 [1/1] (0.00ns)   --->   "%j_0 = phi i31 [ 0, %0 ], [ %j, %.reset ]"   --->   Operation 39 'phi' 'j_0' <Predicate = true> <Delay = 0.00>
ST_2 : Operation 40 [1/1] (0.00ns)   --->   "call void (...)* @_ssdm_op_SpecPipeline(i32 -1, i32 1, i32 1, i32 0, [1 x i8]* @p_str2) nounwind" [incrust_finjeu/incrustfinjeu.cpp:22]   --->   Operation 40 'specpipeline' <Predicate = true> <Delay = 0.00>
ST_2 : Operation 41 [1/1] (2.47ns)   --->   "%icmp_ln29 = icmp ugt i31 %i_0, 439" [incrust_finjeu/incrustfinjeu.cpp:29]   --->   Operation 41 'icmp' 'icmp_ln29' <Predicate = true> <Delay = 2.47> <Core = "Cmp">   --->   Core 25 'Cmp' <Latency = 0> <II = 1> <Delay = 2.47> <FuncUnit> <Opcode : 'icmp'> <InPorts = 2> <OutPorts = 1>
ST_2 : Operation 42 [1/1] (2.47ns)   --->   "%icmp_ln29_1 = icmp ult i31 %i_0, 640" [incrust_finjeu/incrustfinjeu.cpp:29]   --->   Operation 42 'icmp' 'icmp_ln29_1' <Predicate = true> <Delay = 2.47> <Core = "Cmp">   --->   Core 25 'Cmp' <Latency = 0> <II = 1> <Delay = 2.47> <FuncUnit> <Opcode : 'icmp'> <InPorts = 2> <OutPorts = 1>
ST_2 : Operation 43 [1/1] (0.97ns)   --->   "%and_ln29 = and i1 %icmp_ln29, %icmp_ln29_1" [incrust_finjeu/incrustfinjeu.cpp:29]   --->   Operation 43 'and' 'and_ln29' <Predicate = true> <Delay = 0.97> <Core = "LogicGate">   --->   Core 27 'LogicGate' <Latency = 0> <II = 1> <Delay = 0.97> <FuncUnit> <Opcode : 'and' 'or' 'xor'> <InPorts = 2> <OutPorts = 1>
ST_2 : Operation 44 [1/1] (0.00ns)   --->   "%zext_ln23 = zext i31 %j_0 to i32" [incrust_finjeu/incrustfinjeu.cpp:23]   --->   Operation 44 'zext' 'zext_ln23' <Predicate = true> <Delay = 0.00>
ST_2 : Operation 45 [1/1] (2.47ns)   --->   "%icmp_ln23 = icmp slt i32 %zext_ln23, %hsize_in_read" [incrust_finjeu/incrustfinjeu.cpp:23]   --->   Operation 45 'icmp' 'icmp_ln23' <Predicate = true> <Delay = 2.47> <Core = "Cmp">   --->   Core 25 'Cmp' <Latency = 0> <II = 1> <Delay = 2.47> <FuncUnit> <Opcode : 'icmp'> <InPorts = 2> <OutPorts = 1>
ST_2 : Operation 46 [1/1] (2.77ns)   --->   "%icmp_ln20 = icmp eq i64 %indvar_flatten, %bound" [incrust_finjeu/incrustfinjeu.cpp:20]   --->   Operation 46 'icmp' 'icmp_ln20' <Predicate = true> <Delay = 2.77> <Core = "Cmp">   --->   Core 25 'Cmp' <Latency = 0> <II = 1> <Delay = 2.47> <FuncUnit> <Opcode : 'icmp'> <InPorts = 2> <OutPorts = 1>
ST_2 : Operation 47 [1/1] (3.52ns)   --->   "%add_ln20 = add i64 %indvar_flatten, 1" [incrust_finjeu/incrustfinjeu.cpp:20]   --->   Operation 47 'add' 'add_ln20' <Predicate = true> <Delay = 3.52> <Core = "AddSub">   --->   Core 14 'AddSub' <Latency = 0> <II = 1> <Delay = 2.52> <FuncUnit> <Opcode : 'add' 'sub'> <InPorts = 2> <OutPorts = 1>
ST_2 : Operation 48 [1/1] (0.00ns)   --->   "br i1 %icmp_ln20, label %2, label %.reset" [incrust_finjeu/incrustfinjeu.cpp:20]   --->   Operation 48 'br' <Predicate = true> <Delay = 0.00>
ST_2 : Operation 49 [1/1] (0.73ns)   --->   "%select_ln20 = select i1 %icmp_ln23, i31 %j_0, i31 0" [incrust_finjeu/incrustfinjeu.cpp:20]   --->   Operation 49 'select' 'select_ln20' <Predicate = (!icmp_ln20)> <Delay = 0.73> <Core = "Sel">   --->   Core 26 'Sel' <Latency = 0> <II = 1> <Delay = 0.69> <FuncUnit> <Opcode : 'select'> <InPorts = 3> <OutPorts = 1>
ST_2 : Operation 50 [1/1] (2.52ns)   --->   "%add_ln20_1 = add i31 1, %i_0" [incrust_finjeu/incrustfinjeu.cpp:20]   --->   Operation 50 'add' 'add_ln20_1' <Predicate = (!icmp_ln20)> <Delay = 2.52> <Core = "AddSub">   --->   Core 14 'AddSub' <Latency = 0> <II = 1> <Delay = 2.52> <FuncUnit> <Opcode : 'add' 'sub'> <InPorts = 2> <OutPorts = 1>
ST_2 : Operation 51 [1/1] (2.47ns)   --->   "%icmp_ln29_4 = icmp ugt i31 %add_ln20_1, 439" [incrust_finjeu/incrustfinjeu.cpp:29]   --->   Operation 51 'icmp' 'icmp_ln29_4' <Predicate = (!icmp_ln20)> <Delay = 2.47> <Core = "Cmp">   --->   Core 25 'Cmp' <Latency = 0> <II = 1> <Delay = 2.47> <FuncUnit> <Opcode : 'icmp'> <InPorts = 2> <OutPorts = 1>
ST_2 : Operation 52 [1/1] (2.47ns)   --->   "%icmp_ln29_5 = icmp ult i31 %add_ln20_1, 640" [incrust_finjeu/incrustfinjeu.cpp:29]   --->   Operation 52 'icmp' 'icmp_ln29_5' <Predicate = (!icmp_ln20)> <Delay = 2.47> <Core = "Cmp">   --->   Core 25 'Cmp' <Latency = 0> <II = 1> <Delay = 2.47> <FuncUnit> <Opcode : 'icmp'> <InPorts = 2> <OutPorts = 1>
ST_2 : Operation 53 [1/1] (0.00ns) (grouped into LUT with out node select_ln20_1)   --->   "%and_ln29_4 = and i1 %icmp_ln29_4, %icmp_ln29_5" [incrust_finjeu/incrustfinjeu.cpp:29]   --->   Operation 53 'and' 'and_ln29_4' <Predicate = (!icmp_ln20)> <Delay = 0.00> <Core = "LogicGate">   --->   Core 27 'LogicGate' <Latency = 0> <II = 1> <Delay = 0.97> <FuncUnit> <Opcode : 'and' 'or' 'xor'> <InPorts = 2> <OutPorts = 1>
ST_2 : Operation 54 [1/1] (0.99ns) (out node of the LUT)   --->   "%select_ln20_1 = select i1 %icmp_ln23, i1 %and_ln29, i1 %and_ln29_4" [incrust_finjeu/incrustfinjeu.cpp:20]   --->   Operation 54 'select' 'select_ln20_1' <Predicate = (!icmp_ln20)> <Delay = 0.99> <Core = "Sel">   --->   Core 26 'Sel' <Latency = 0> <II = 1> <Delay = 0.69> <FuncUnit> <Opcode : 'select'> <InPorts = 3> <OutPorts = 1>
ST_2 : Operation 55 [1/1] (0.73ns)   --->   "%select_ln20_2 = select i1 %icmp_ln23, i31 %i_0, i31 %add_ln20_1" [incrust_finjeu/incrustfinjeu.cpp:20]   --->   Operation 55 'select' 'select_ln20_2' <Predicate = (!icmp_ln20)> <Delay = 0.73> <Core = "Sel">   --->   Core 26 'Sel' <Latency = 0> <II = 1> <Delay = 0.69> <FuncUnit> <Opcode : 'select'> <InPorts = 3> <OutPorts = 1>
ST_2 : Operation 56 [1/1] (0.00ns)   --->   "%empty = call { i24, i3, i3, i1, i1, i1, i1 } @_ssdm_op_Read.axis.volatile.i24P.i3P.i3P.i1P.i1P.i1P.i1P(i24* %s_axis_video_V_data_V, i3* %s_axis_video_V_keep_V, i3* %s_axis_video_V_strb_V, i1* %s_axis_video_V_user_V, i1* %s_axis_video_V_last_V, i1* %s_axis_video_V_id_V, i1* %s_axis_video_V_dest_V)" [incrust_finjeu/incrustfinjeu.cpp:25]   --->   Operation 56 'read' 'empty' <Predicate = (!icmp_ln20)> <Delay = 0.00> <Core = "AXI4Stream">   --->   Core 5 'AXI4Stream' <Latency = 0> <II = 1> <Delay = 1.00> <Adapter> <Opcode : >
ST_2 : Operation 57 [1/1] (0.00ns)   --->   "%tmp_keep_V = extractvalue { i24, i3, i3, i1, i1, i1, i1 } %empty, 1" [incrust_finjeu/incrustfinjeu.cpp:25]   --->   Operation 57 'extractvalue' 'tmp_keep_V' <Predicate = (!icmp_ln20)> <Delay = 0.00>
ST_2 : Operation 58 [1/1] (0.00ns)   --->   "%tmp_strb_V = extractvalue { i24, i3, i3, i1, i1, i1, i1 } %empty, 2" [incrust_finjeu/incrustfinjeu.cpp:25]   --->   Operation 58 'extractvalue' 'tmp_strb_V' <Predicate = (!icmp_ln20)> <Delay = 0.00>
ST_2 : Operation 59 [1/1] (0.00ns)   --->   "%tmp_user_V = extractvalue { i24, i3, i3, i1, i1, i1, i1 } %empty, 3" [incrust_finjeu/incrustfinjeu.cpp:25]   --->   Operation 59 'extractvalue' 'tmp_user_V' <Predicate = (!icmp_ln20)> <Delay = 0.00>
ST_2 : Operation 60 [1/1] (0.00ns)   --->   "%tmp_last_V = extractvalue { i24, i3, i3, i1, i1, i1, i1 } %empty, 4" [incrust_finjeu/incrustfinjeu.cpp:25]   --->   Operation 60 'extractvalue' 'tmp_last_V' <Predicate = (!icmp_ln20)> <Delay = 0.00>
ST_2 : Operation 61 [1/1] (0.00ns)   --->   "%tmp_id_V = extractvalue { i24, i3, i3, i1, i1, i1, i1 } %empty, 5" [incrust_finjeu/incrustfinjeu.cpp:25]   --->   Operation 61 'extractvalue' 'tmp_id_V' <Predicate = (!icmp_ln20)> <Delay = 0.00>
ST_2 : Operation 62 [1/1] (0.00ns)   --->   "%tmp_dest_V = extractvalue { i24, i3, i3, i1, i1, i1, i1 } %empty, 6" [incrust_finjeu/incrustfinjeu.cpp:25]   --->   Operation 62 'extractvalue' 'tmp_dest_V' <Predicate = (!icmp_ln20)> <Delay = 0.00>
ST_2 : Operation 63 [1/1] (2.47ns)   --->   "%icmp_ln29_2 = icmp ugt i31 %select_ln20, 759" [incrust_finjeu/incrustfinjeu.cpp:29]   --->   Operation 63 'icmp' 'icmp_ln29_2' <Predicate = (!icmp_ln20)> <Delay = 2.47> <Core = "Cmp">   --->   Core 25 'Cmp' <Latency = 0> <II = 1> <Delay = 2.47> <FuncUnit> <Opcode : 'icmp'> <InPorts = 2> <OutPorts = 1>
ST_2 : Operation 64 [1/1] (2.47ns)   --->   "%icmp_ln29_3 = icmp ult i31 %select_ln20, 1160" [incrust_finjeu/incrustfinjeu.cpp:29]   --->   Operation 64 'icmp' 'icmp_ln29_3' <Predicate = (!icmp_ln20)> <Delay = 2.47> <Core = "Cmp">   --->   Core 25 'Cmp' <Latency = 0> <II = 1> <Delay = 2.47> <FuncUnit> <Opcode : 'icmp'> <InPorts = 2> <OutPorts = 1>
ST_2 : Operation 65 [1/1] (0.00ns)   --->   "%sext_ln30 = sext i32 %pixel_1 to i64" [incrust_finjeu/incrustfinjeu.cpp:30]   --->   Operation 65 'sext' 'sext_ln30' <Predicate = (!icmp_ln20 & icmp_ln27)> <Delay = 0.00>
ST_2 : Operation 66 [1/1] (0.00ns)   --->   "%mat_V_addr = getelementptr [80000 x i1]* @mat_V, i64 0, i64 %sext_ln30" [incrust_finjeu/incrustfinjeu.cpp:30]   --->   Operation 66 'getelementptr' 'mat_V_addr' <Predicate = (!icmp_ln20 & icmp_ln27)> <Delay = 0.00>
ST_2 : Operation 67 [2/2] (3.25ns)   --->   "%video_data_V_1 = load i1* %mat_V_addr, align 1" [incrust_finjeu/incrustfinjeu.cpp:30]   --->   Operation 67 'load' 'video_data_V_1' <Predicate = (!icmp_ln20 & icmp_ln27)> <Delay = 3.25> <Core = "ROM_nP">   --->   Core 52 'ROM_nP' <Latency = 1> <II = 1> <Delay = 3.25> <Storage> <Opcode : 'load'> <Ports = 0> <Width = 1> <Depth = 80000> <ROM>
ST_2 : Operation 68 [1/1] (2.55ns)   --->   "%pixel = add nsw i32 1, %pixel_1" [incrust_finjeu/incrustfinjeu.cpp:31]   --->   Operation 68 'add' 'pixel' <Predicate = (!icmp_ln20 & icmp_ln27)> <Delay = 2.55> <Core = "AddSub">   --->   Core 14 'AddSub' <Latency = 0> <II = 1> <Delay = 2.52> <FuncUnit> <Opcode : 'add' 'sub'> <InPorts = 2> <OutPorts = 1>
ST_2 : Operation 69 [1/1] (0.00ns) (grouped into LUT with out node and_ln29_3)   --->   "%and_ln29_1 = and i1 %icmp_ln29_2, %icmp_ln27" [incrust_finjeu/incrustfinjeu.cpp:29]   --->   Operation 69 'and' 'and_ln29_1' <Predicate = (!icmp_ln20)> <Delay = 0.00> <Core = "LogicGate">   --->   Core 27 'LogicGate' <Latency = 0> <II = 1> <Delay = 0.97> <FuncUnit> <Opcode : 'and' 'or' 'xor'> <InPorts = 2> <OutPorts = 1>
ST_2 : Operation 70 [1/1] (0.00ns) (grouped into LUT with out node and_ln29_3)   --->   "%and_ln29_2 = and i1 %and_ln29_1, %icmp_ln29_3" [incrust_finjeu/incrustfinjeu.cpp:29]   --->   Operation 70 'and' 'and_ln29_2' <Predicate = (!icmp_ln20)> <Delay = 0.00> <Core = "LogicGate">   --->   Core 27 'LogicGate' <Latency = 0> <II = 1> <Delay = 0.97> <FuncUnit> <Opcode : 'and' 'or' 'xor'> <InPorts = 2> <OutPorts = 1>
ST_2 : Operation 71 [1/1] (0.97ns) (out node of the LUT)   --->   "%and_ln29_3 = and i1 %and_ln29_2, %select_ln20_1" [incrust_finjeu/incrustfinjeu.cpp:29]   --->   Operation 71 'and' 'and_ln29_3' <Predicate = (!icmp_ln20)> <Delay = 0.97> <Core = "LogicGate">   --->   Core 27 'LogicGate' <Latency = 0> <II = 1> <Delay = 0.97> <FuncUnit> <Opcode : 'and' 'or' 'xor'> <InPorts = 2> <OutPorts = 1>
ST_2 : Operation 72 [1/1] (0.00ns) (grouped into LUT with out node pixel_3)   --->   "%pixel_2 = select i1 %and_ln29_3, i32 %pixel, i32 %pixel_1" [incrust_finjeu/incrustfinjeu.cpp:29]   --->   Operation 72 'select' 'pixel_2' <Predicate = (!icmp_ln20 & icmp_ln27)> <Delay = 0.00> <Core = "Sel">   --->   Core 26 'Sel' <Latency = 0> <II = 1> <Delay = 0.69> <FuncUnit> <Opcode : 'select'> <InPorts = 3> <OutPorts = 1>
ST_2 : Operation 73 [1/1] (0.69ns) (out node of the LUT)   --->   "%pixel_3 = select i1 %icmp_ln27, i32 %pixel_2, i32 %pixel_1" [incrust_finjeu/incrustfinjeu.cpp:27]   --->   Operation 73 'select' 'pixel_3' <Predicate = (!icmp_ln20)> <Delay = 0.69> <Core = "Sel">   --->   Core 26 'Sel' <Latency = 0> <II = 1> <Delay = 0.69> <FuncUnit> <Opcode : 'select'> <InPorts = 3> <OutPorts = 1>
ST_2 : Operation 74 [1/1] (2.52ns)   --->   "%j = add i31 1, %select_ln20" [incrust_finjeu/incrustfinjeu.cpp:23]   --->   Operation 74 'add' 'j' <Predicate = (!icmp_ln20)> <Delay = 2.52> <Core = "AddSub">   --->   Core 14 'AddSub' <Latency = 0> <II = 1> <Delay = 2.52> <FuncUnit> <Opcode : 'add' 'sub'> <InPorts = 2> <OutPorts = 1>

State 3 <SV = 2> <Delay = 4.24>
ST_3 : Operation 75 [1/1] (0.00ns) (grouped into LUT with out node video_data_V)   --->   "%tmp_data_V_1 = extractvalue { i24, i3, i3, i1, i1, i1, i1 } %empty, 0" [incrust_finjeu/incrustfinjeu.cpp:25]   --->   Operation 75 'extractvalue' 'tmp_data_V_1' <Predicate = (!icmp_ln20 & !icmp_ln27)> <Delay = 0.00>
ST_3 : Operation 76 [1/2] (3.25ns)   --->   "%video_data_V_1 = load i1* %mat_V_addr, align 1" [incrust_finjeu/incrustfinjeu.cpp:30]   --->   Operation 76 'load' 'video_data_V_1' <Predicate = (!icmp_ln20 & icmp_ln27)> <Delay = 3.25> <Core = "ROM_nP">   --->   Core 52 'ROM_nP' <Latency = 1> <II = 1> <Delay = 3.25> <Storage> <Opcode : 'load'> <Ports = 0> <Width = 1> <Depth = 80000> <ROM>
ST_3 : Operation 77 [1/1] (0.00ns) (grouped into LUT with out node video_data_V)   --->   "%video_data_V_2 = and i1 %and_ln29_3, %video_data_V_1" [incrust_finjeu/incrustfinjeu.cpp:29]   --->   Operation 77 'and' 'video_data_V_2' <Predicate = (!icmp_ln20 & icmp_ln27)> <Delay = 0.00> <Core = "LogicGate">   --->   Core 27 'LogicGate' <Latency = 0> <II = 1> <Delay = 0.97> <FuncUnit> <Opcode : 'and' 'or' 'xor'> <InPorts = 2> <OutPorts = 1>
ST_3 : Operation 78 [1/1] (0.00ns) (grouped into LUT with out node video_data_V)   --->   "%select_ln29 = select i1 %video_data_V_2, i24 -1, i24 0" [incrust_finjeu/incrustfinjeu.cpp:29]   --->   Operation 78 'select' 'select_ln29' <Predicate = (!icmp_ln20 & icmp_ln27)> <Delay = 0.00> <Core = "Sel">   --->   Core 26 'Sel' <Latency = 0> <II = 1> <Delay = 0.69> <FuncUnit> <Opcode : 'select'> <InPorts = 3> <OutPorts = 1>
ST_3 : Operation 79 [1/1] (0.99ns) (out node of the LUT)   --->   "%video_data_V = select i1 %icmp_ln27, i24 %select_ln29, i24 %tmp_data_V_1" [incrust_finjeu/incrustfinjeu.cpp:27]   --->   Operation 79 'select' 'video_data_V' <Predicate = (!icmp_ln20)> <Delay = 0.99> <Core = "Sel">   --->   Core 26 'Sel' <Latency = 0> <II = 1> <Delay = 0.69> <FuncUnit> <Opcode : 'select'> <InPorts = 3> <OutPorts = 1>
ST_3 : Operation 80 [2/2] (0.00ns)   --->   "call void @_ssdm_op_Write.axis.volatile.i24P.i3P.i3P.i1P.i1P.i1P.i1P(i24* %m_axis_video_V_data_V, i3* %m_axis_video_V_keep_V, i3* %m_axis_video_V_strb_V, i1* %m_axis_video_V_user_V, i1* %m_axis_video_V_last_V, i1* %m_axis_video_V_id_V, i1* %m_axis_video_V_dest_V, i24 %video_data_V, i3 %tmp_keep_V, i3 %tmp_strb_V, i1 %tmp_user_V, i1 %tmp_last_V, i1 %tmp_id_V, i1 %tmp_dest_V)" [incrust_finjeu/incrustfinjeu.cpp:39]   --->   Operation 80 'write' <Predicate = (!icmp_ln20)> <Delay = 0.00> <Core = "AXI4Stream">   --->   Core 5 'AXI4Stream' <Latency = 0> <II = 1> <Delay = 1.00> <Adapter> <Opcode : >

State 4 <SV = 3> <Delay = 0.00>
ST_4 : Operation 81 [1/1] (0.00ns)   --->   "call void (...)* @_ssdm_op_SpecPipeline(i32 -1, i32 1, i32 1, i32 0, [1 x i8]* @p_str2) nounwind" [incrust_finjeu/incrustfinjeu.cpp:22]   --->   Operation 81 'specpipeline' <Predicate = (!icmp_ln20)> <Delay = 0.00>
ST_4 : Operation 82 [1/1] (0.00ns)   --->   "call void (...)* @_ssdm_op_SpecPipeline(i32 -1, i32 1, i32 1, i32 0, [1 x i8]* @p_str2) nounwind" [incrust_finjeu/incrustfinjeu.cpp:22]   --->   Operation 82 'specpipeline' <Predicate = (!icmp_ln20)> <Delay = 0.00>
ST_4 : Operation 83 [1/2] (0.00ns)   --->   "call void @_ssdm_op_Write.axis.volatile.i24P.i3P.i3P.i1P.i1P.i1P.i1P(i24* %m_axis_video_V_data_V, i3* %m_axis_video_V_keep_V, i3* %m_axis_video_V_strb_V, i1* %m_axis_video_V_user_V, i1* %m_axis_video_V_last_V, i1* %m_axis_video_V_id_V, i1* %m_axis_video_V_dest_V, i24 %video_data_V, i3 %tmp_keep_V, i3 %tmp_strb_V, i1 %tmp_user_V, i1 %tmp_last_V, i1 %tmp_id_V, i1 %tmp_dest_V)" [incrust_finjeu/incrustfinjeu.cpp:39]   --->   Operation 83 'write' <Predicate = (!icmp_ln20)> <Delay = 0.00> <Core = "AXI4Stream">   --->   Core 5 'AXI4Stream' <Latency = 0> <II = 1> <Delay = 1.00> <Adapter> <Opcode : >
ST_4 : Operation 84 [1/1] (0.00ns)   --->   "br label %1" [incrust_finjeu/incrustfinjeu.cpp:23]   --->   Operation 84 'br' <Predicate = (!icmp_ln20)> <Delay = 0.00>

State 5 <SV = 2> <Delay = 0.00>
ST_5 : Operation 85 [1/1] (0.00ns)   --->   "ret void" [incrust_finjeu/incrustfinjeu.cpp:46]   --->   Operation 85 'ret' <Predicate = true> <Delay = 0.00>


============================================================
+ Verbose Summary: Timing violations
============================================================
Target clock period: 10ns, clock uncertainty: 1.25ns.

 <State 1>: 8.51ns
The critical path consists of the following:
	wire read on port 'vsize_in' [39]  (0 ns)
	'mul' operation ('bound') [48]  (8.51 ns)

 <State 2>: 7.66ns
The critical path consists of the following:
	'phi' operation ('i_0', incrust_finjeu/incrustfinjeu.cpp:20) with incoming values : ('select_ln20_2', incrust_finjeu/incrustfinjeu.cpp:20) [52]  (0 ns)
	'add' operation ('add_ln20_1', incrust_finjeu/incrustfinjeu.cpp:20) [68]  (2.52 ns)
	'icmp' operation ('icmp_ln29_5', incrust_finjeu/incrustfinjeu.cpp:29) [70]  (2.47 ns)
	'and' operation ('and_ln29_4', incrust_finjeu/incrustfinjeu.cpp:29) [71]  (0 ns)
	'select' operation ('select_ln20_1', incrust_finjeu/incrustfinjeu.cpp:20) [72]  (0.993 ns)
	'and' operation ('and_ln29_3', incrust_finjeu/incrustfinjeu.cpp:29) [90]  (0.978 ns)
	'select' operation ('pixel', incrust_finjeu/incrustfinjeu.cpp:29) [94]  (0 ns)
	'select' operation ('pixel', incrust_finjeu/incrustfinjeu.cpp:27) [95]  (0.698 ns)

 <State 3>: 4.25ns
The critical path consists of the following:
	'load' operation ('video.data.V', incrust_finjeu/incrustfinjeu.cpp:30) on array 'mat_V' [86]  (3.25 ns)
	'and' operation ('video.data.V', incrust_finjeu/incrustfinjeu.cpp:29) [91]  (0 ns)
	'select' operation ('select_ln29', incrust_finjeu/incrustfinjeu.cpp:29) [92]  (0 ns)
	'select' operation ('video.data.V', incrust_finjeu/incrustfinjeu.cpp:27) [93]  (0.993 ns)

 <State 4>: 0ns
The critical path consists of the following:

 <State 5>: 0ns
The critical path consists of the following:


============================================================
+ Verbose Summary: Binding
============================================================
N/A
* FSMD analyzer results:
  - Output states:
 - Input state : 
  - Chain level:
	State 1
	State 2
	State 3
	State 4
	State 5


============================================================
+ Verbose Summary: Datapath Resource usage 
============================================================
N/A
