16:56:17 **** Build of project platform ****
buildplatform.bat 52005 platform  
XSDB Server Channel: tcfchan#1
Building the zynq_fsbl application.
make -C zynq_fsbl_bsp

make[1]: Entering directory 'F:/PFE/Pcam_base_2023_vitis/platform/zynq_fsbl/zynq_fsbl_bsp'

"Running Make include in ps7_cortexa9_0/libsrc/axivdma_v6_6/src"

make -C ps7_cortexa9_0/libsrc/axivdma_v6_6/src -s include  "SHELL=CMD" "COMPILER=arm-none-eabi-gcc" "ASSEMBLER=arm-none-eabi-as
" "ARCHIVER=arm-none-eabi-ar" "COMPILER_FLAGS=  -O2 -c" "EXTRA_COMPILER_FLAGS=-mcpu=cortex-a9 -mfpu=vfpv3 -mfloat-abi=hard -nos
tartfiles -g -Wall -Wextra"

make[2]: Entering directory 'F:/PFE/Pcam_base_2023_vitis/platform/zynq_fsbl/zynq_fsbl_bsp/ps7_cortexa9_0/libsrc/axivdma_v6_6/sr
c'

make[2]: Leaving directory 'F:/PFE/Pcam_base_2023_vitis/platform/zynq_fsbl/zynq_fsbl_bsp/ps7_cortexa9_0/libsrc/axivdma_v6_6/src
'

"Running Make include in ps7_cortexa9_0/libsrc/coresightps_dcc_v1_6/src"

make -C ps7_cortexa9_0/libsrc/coresightps_dcc_v1_6/src -s include  "SHELL=CMD" "COMPILER=arm-none-eabi-gcc" "ASSEMBLER=arm-none
-eabi-as" "ARCHIVER=arm-none-eabi-ar" "COMPILER_FLAGS=  -O2 -c" "EXTRA_COMPILER_FLAGS=-mcpu=cortex-a9 -mfpu=vfpv3 -mfloat-abi=h
ard -nostartfiles -g -Wall -Wextra"

make[2]: Entering directory 'F:/PFE/Pcam_base_2023_vitis/platform/zynq_fsbl/zynq_fsbl_bsp/ps7_cortexa9_0/libsrc/coresightps_dcc
_v1_6/src'

make[2]: Leaving directory 'F:/PFE/Pcam_base_2023_vitis/platform/zynq_fsbl/zynq_fsbl_bsp/ps7_cortexa9_0/libsrc/coresightps_dcc_
v1_6/src'

"Running Make include in ps7_cortexa9_0/libsrc/cpu_cortexa9_v2_8/src"

make -C ps7_cortexa9_0/libsrc/cpu_cortexa9_v2_8/src -s include  "SHELL=CMD" "COMPILER=arm-none-eabi-gcc" "ASSEMBLER=arm-none-ea
bi-as" "ARCHIVER=arm-none-eabi-ar" "COMPILER_FLAGS=  -O2 -c" "EXTRA_COMPILER_FLAGS=-mcpu=cortex-a9 -mfpu=vfpv3 -mfloat-abi=hard
 -nostartfiles -g -Wall -Wextra"

make[2]: Entering directory 'F:/PFE/Pcam_base_2023_vitis/platform/zynq_fsbl/zynq_fsbl_bsp/ps7_cortexa9_0/libsrc/cpu_cortexa9_v2
_8/src'

make[2]: Leaving directory 'F:/PFE/Pcam_base_2023_vitis/platform/zynq_fsbl/zynq_fsbl_bsp/ps7_cortexa9_0/libsrc/cpu_cortexa9_v2_
8/src'

"Running Make include in ps7_cortexa9_0/libsrc/ddrps_v1_0/src"

make -C ps7_cortexa9_0/libsrc/ddrps_v1_0/src -s include  "SHELL=CMD" "COMPILER=arm-none-eabi-gcc" "ASSEMBLER=arm-none-eabi-as" 
"ARCHIVER=arm-none-eabi-ar" "COMPILER_FLAGS=  -O2 -c" "EXTRA_COMPILER_FLAGS=-mcpu=cortex-a9 -mfpu=vfpv3 -mfloat-abi=hard -nosta
rtfiles -g -Wall -Wextra"

make[2]: Entering directory 'F:/PFE/Pcam_base_2023_vitis/platform/zynq_fsbl/zynq_fsbl_bsp/ps7_cortexa9_0/libsrc/ddrps_v1_0/src'


make[2]: Leaving directory 'F:/PFE/Pcam_base_2023_vitis/platform/zynq_fsbl/zynq_fsbl_bsp/ps7_cortexa9_0/libsrc/ddrps_v1_0/src'

"Running Make include in ps7_cortexa9_0/libsrc/devcfg_v3_5/src"

make -C ps7_cortexa9_0/libsrc/devcfg_v3_5/src -s include  "SHELL=CMD" "COMPILER=arm-none-eabi-gcc" "ASSEMBLER=arm-none-eabi-as"
 "ARCHIVER=arm-none-eabi-ar" "COMPILER_FLAGS=  -O2 -c" "EXTRA_COMPILER_FLAGS=-mcpu=cortex-a9 -mfpu=vfpv3 -mfloat-abi=hard -nost
artfiles -g -Wall -Wextra"

make[2]: Entering directory 'F:/PFE/Pcam_base_2023_vitis/platform/zynq_fsbl/zynq_fsbl_bsp/ps7_cortexa9_0/libsrc/devcfg_v3_5/src
'

make[2]: Leaving directory 'F:/PFE/Pcam_base_2023_vitis/platform/zynq_fsbl/zynq_fsbl_bsp/ps7_cortexa9_0/libsrc/devcfg_v3_5/src'


"Running Make include in ps7_cortexa9_0/libsrc/dmaps_v2_5/src"

make -C ps7_cortexa9_0/libsrc/dmaps_v2_5/src -s include  "SHELL=CMD" "COMPILER=arm-none-eabi-gcc" "ASSEMBLER=arm-none-eabi-as" 
"ARCHIVER=arm-none-eabi-ar" "COMPILER_FLAGS=  -O2 -c" "EXTRA_COMPILER_FLAGS=-mcpu=cortex-a9 -mfpu=vfpv3 -mfloat-abi=hard -nosta
rtfiles -g -Wall -Wextra"

make[2]: Entering directory 'F:/PFE/Pcam_base_2023_vitis/platform/zynq_fsbl/zynq_fsbl_bsp/ps7_cortexa9_0/libsrc/dmaps_v2_5/src'


make[2]: Leaving directory 'F:/PFE/Pcam_base_2023_vitis/platform/zynq_fsbl/zynq_fsbl_bsp/ps7_cortexa9_0/libsrc/dmaps_v2_5/src'

"Running Make include in ps7_cortexa9_0/libsrc/emacps_v3_10/src"

make -C ps7_cortexa9_0/libsrc/emacps_v3_10/src -s include  "SHELL=CMD" "COMPILER=arm-none-eabi-gcc" "ASSEMBLER=arm-none-eabi-as
" "ARCHIVER=arm-none-eabi-ar" "COMPILER_FLAGS=  -O2 -c" "EXTRA_COMPILER_FLAGS=-mcpu=cortex-a9 -mfpu=vfpv3 -mfloat-abi=hard -nos
tartfiles -g -Wall -Wextra"

make[2]: Entering directory 'F:/PFE/Pcam_base_2023_vitis/platform/zynq_fsbl/zynq_fsbl_bsp/ps7_cortexa9_0/libsrc/emacps_v3_10/sr
c'

make[2]: Leaving directory 'F:/PFE/Pcam_base_2023_vitis/platform/zynq_fsbl/zynq_fsbl_bsp/ps7_cortexa9_0/libsrc/emacps_v3_10/src
'

"Running Make include in ps7_cortexa9_0/libsrc/gpiops_v3_6/src"

make -C ps7_cortexa9_0/libsrc/gpiops_v3_6/src -s include  "SHELL=CMD" "COMPILER=arm-none-eabi-gcc" "ASSEMBLER=arm-none-eabi-as"
 "ARCHIVER=arm-none-eabi-ar" "COMPILER_FLAGS=  -O2 -c" "EXTRA_COMPILER_FLAGS=-mcpu=cortex-a9 -mfpu=vfpv3 -mfloat-abi=hard -nost
artfiles -g -Wall -Wextra"

make[2]: Entering directory 'F:/PFE/Pcam_base_2023_vitis/platform/zynq_fsbl/zynq_fsbl_bsp/ps7_cortexa9_0/libsrc/gpiops_v3_6/src
'

make[2]: Leaving directory 'F:/PFE/Pcam_base_2023_vitis/platform/zynq_fsbl/zynq_fsbl_bsp/ps7_cortexa9_0/libsrc/gpiops_v3_6/src'


"Running Make include in ps7_cortexa9_0/libsrc/gpio_v4_5/src"

make -C ps7_cortexa9_0/libsrc/gpio_v4_5/src -s include  "SHELL=CMD" "COMPILER=arm-none-eabi-gcc" "ASSEMBLER=arm-none-eabi-as" "
ARCHIVER=arm-none-eabi-ar" "COMPILER_FLAGS=  -O2 -c" "EXTRA_COMPILER_FLAGS=-mcpu=cortex-a9 -mfpu=vfpv3 -mfloat-abi=hard -nostar
tfiles -g -Wall -Wextra"

make[2]: Entering directory 'F:/PFE/Pcam_base_2023_vitis/platform/zynq_fsbl/zynq_fsbl_bsp/ps7_cortexa9_0/libsrc/gpio_v4_5/src'

make[2]: Leaving directory 'F:/PFE/Pcam_base_2023_vitis/platform/zynq_fsbl/zynq_fsbl_bsp/ps7_cortexa9_0/libsrc/gpio_v4_5/src'

"Running Make include in ps7_cortexa9_0/libsrc/iicps_v3_10/src"

make -C ps7_cortexa9_0/libsrc/iicps_v3_10/src -s include  "SHELL=CMD" "COMPILER=arm-none-eabi-gcc" "ASSEMBLER=arm-none-eabi-as"
 "ARCHIVER=arm-none-eabi-ar" "COMPILER_FLAGS=  -O2 -c" "EXTRA_COMPILER_FLAGS=-mcpu=cortex-a9 -mfpu=vfpv3 -mfloat-abi=hard -nost
artfiles -g -Wall -Wextra"

make[2]: Entering directory 'F:/PFE/Pcam_base_2023_vitis/platform/zynq_fsbl/zynq_fsbl_bsp/ps7_cortexa9_0/libsrc/iicps_v3_10/src
'

make[2]: Leaving directory 'F:/PFE/Pcam_base_2023_vitis/platform/zynq_fsbl/zynq_fsbl_bsp/ps7_cortexa9_0/libsrc/iicps_v3_10/src'


"Running Make include in ps7_cortexa9_0/libsrc/MIPI_CSI_2_RX_v1_0/src"

make -C ps7_cortexa9_0/libsrc/MIPI_CSI_2_RX_v1_0/src -s include  "SHELL=CMD" "COMPILER=arm-none-eabi-gcc" "ASSEMBLER=arm-none-e
abi-as" "ARCHIVER=arm-none-eabi-ar" "COMPILER_FLAGS=  -O2 -c" "EXTRA_COMPILER_FLAGS=-mcpu=cortex-a9 -mfpu=vfpv3 -mfloat-abi=har
d -nostartfiles -g -Wall -Wextra"

make[2]: Entering directory 'F:/PFE/Pcam_base_2023_vitis/platform/zynq_fsbl/zynq_fsbl_bsp/ps7_cortexa9_0/libsrc/MIPI_CSI_2_RX_v
1_0/src'

make[2]: Leaving directory 'F:/PFE/Pcam_base_2023_vitis/platform/zynq_fsbl/zynq_fsbl_bsp/ps7_cortexa9_0/libsrc/MIPI_CSI_2_RX_v1
_0/src'

"Running Make include in ps7_cortexa9_0/libsrc/MIPI_D_PHY_RX_v1_0/src"

make -C ps7_cortexa9_0/libsrc/MIPI_D_PHY_RX_v1_0/src -s include  "SHELL=CMD" "COMPILER=arm-none-eabi-gcc" "ASSEMBLER=arm-none-e
abi-as" "ARCHIVER=arm-none-eabi-ar" "COMPILER_FLAGS=  -O2 -c" "EXTRA_COMPILER_FLAGS=-mcpu=cortex-a9 -mfpu=vfpv3 -mfloat-abi=har
d -nostartfiles -g -Wall -Wextra"

make[2]: Entering directory 'F:/PFE/Pcam_base_2023_vitis/platform/zynq_fsbl/zynq_fsbl_bsp/ps7_cortexa9_0/libsrc/MIPI_D_PHY_RX_v
1_0/src'

make[2]: Leaving directory 'F:/PFE/Pcam_base_2023_vitis/platform/zynq_fsbl/zynq_fsbl_bsp/ps7_cortexa9_0/libsrc/MIPI_D_PHY_RX_v1
_0/src'

"Running Make include in ps7_cortexa9_0/libsrc/qspips_v3_6/src"

make -C ps7_cortexa9_0/libsrc/qspips_v3_6/src -s include  "SHELL=CMD" "COMPILER=arm-none-eabi-gcc" "ASSEMBLER=arm-none-eabi-as"
 "ARCHIVER=arm-none-eabi-ar" "COMPILER_FLAGS=  -O2 -c" "EXTRA_COMPILER_FLAGS=-mcpu=cortex-a9 -mfpu=vfpv3 -mfloat-abi=hard -nost
artfiles -g -Wall -Wextra"

make[2]: Entering directory 'F:/PFE/Pcam_base_2023_vitis/platform/zynq_fsbl/zynq_fsbl_bsp/ps7_cortexa9_0/libsrc/qspips_v3_6/src
'

make[2]: Leaving directory 'F:/PFE/Pcam_base_2023_vitis/platform/zynq_fsbl/zynq_fsbl_bsp/ps7_cortexa9_0/libsrc/qspips_v3_6/src'


"Running Make include in ps7_cortexa9_0/libsrc/scugic_v4_1/src"

make -C ps7_cortexa9_0/libsrc/scugic_v4_1/src -s include  "SHELL=CMD" "COMPILER=arm-none-eabi-gcc" "ASSEMBLER=arm-none-eabi-as"
 "ARCHIVER=arm-none-eabi-ar" "COMPILER_FLAGS=  -O2 -c" "EXTRA_COMPILER_FLAGS=-mcpu=cortex-a9 -mfpu=vfpv3 -mfloat-abi=hard -nost
artfiles -g -Wall -Wextra"

make[2]: Entering directory 'F:/PFE/Pcam_base_2023_vitis/platform/zynq_fsbl/zynq_fsbl_bsp/ps7_cortexa9_0/libsrc/scugic_v4_1/src
'

make[2]: Leaving directory 'F:/PFE/Pcam_base_2023_vitis/platform/zynq_fsbl/zynq_fsbl_bsp/ps7_cortexa9_0/libsrc/scugic_v4_1/src'


"Running Make include in ps7_cortexa9_0/libsrc/scutimer_v2_1/src"

make -C ps7_cortexa9_0/libsrc/scutimer_v2_1/src -s include  "SHELL=CMD" "COMPILER=arm-none-eabi-gcc" "ASSEMBLER=arm-none-eabi-a
s" "ARCHIVER=arm-none-eabi-ar" "COMPILER_FLAGS=  -O2 -c" "EXTRA_COMPILER_FLAGS=-mcpu=cortex-a9 -mfpu=vfpv3 -mfloat-abi=hard -no
startfiles -g -Wall -Wextra"

make[2]: Entering directory 'F:/PFE/Pcam_base_2023_vitis/platform/zynq_fsbl/zynq_fsbl_bsp/ps7_cortexa9_0/libsrc/scutimer_v2_1/s
rc'

make[2]: Leaving directory 'F:/PFE/Pcam_base_2023_vitis/platform/zynq_fsbl/zynq_fsbl_bsp/ps7_cortexa9_0/libsrc/scutimer_v2_1/sr
c'

"Running Make include in ps7_cortexa9_0/libsrc/scuwdt_v2_1/src"

make -C ps7_cortexa9_0/libsrc/scuwdt_v2_1/src -s include  "SHELL=CMD" "COMPILER=arm-none-eabi-gcc" "ASSEMBLER=arm-none-eabi-as"
 "ARCHIVER=arm-none-eabi-ar" "COMPILER_FLAGS=  -O2 -c" "EXTRA_COMPILER_FLAGS=-mcpu=cortex-a9 -mfpu=vfpv3 -mfloat-abi=hard -nost
artfiles -g -Wall -Wextra"

make[2]: Entering directory 'F:/PFE/Pcam_base_2023_vitis/platform/zynq_fsbl/zynq_fsbl_bsp/ps7_cortexa9_0/libsrc/scuwdt_v2_1/src
'

make[2]: Leaving directory 'F:/PFE/Pcam_base_2023_vitis/platform/zynq_fsbl/zynq_fsbl_bsp/ps7_cortexa9_0/libsrc/scuwdt_v2_1/src'


"Running Make include in ps7_cortexa9_0/libsrc/sdps_v3_8/src"

make -C ps7_cortexa9_0/libsrc/sdps_v3_8/src -s include  "SHELL=CMD" "COMPILER=arm-none-eabi-gcc" "ASSEMBLER=arm-none-eabi-as" "
ARCHIVER=arm-none-eabi-ar" "COMPILER_FLAGS=  -O2 -c" "EXTRA_COMPILER_FLAGS=-mcpu=cortex-a9 -mfpu=vfpv3 -mfloat-abi=hard -nostar
tfiles -g -Wall -Wextra"

make[2]: Entering directory 'F:/PFE/Pcam_base_2023_vitis/platform/zynq_fsbl/zynq_fsbl_bsp/ps7_cortexa9_0/libsrc/sdps_v3_8/src'

make[2]: Leaving directory 'F:/PFE/Pcam_base_2023_vitis/platform/zynq_fsbl/zynq_fsbl_bsp/ps7_cortexa9_0/libsrc/sdps_v3_8/src'

"Running Make include in ps7_cortexa9_0/libsrc/standalone_v7_1/src"

make -C ps7_cortexa9_0/libsrc/standalone_v7_1/src -s include  "SHELL=CMD" "COMPILER=arm-none-eabi-gcc" "ASSEMBLER=arm-none-eabi
-as" "ARCHIVER=arm-none-eabi-ar" "COMPILER_FLAGS=  -O2 -c" "EXTRA_COMPILER_FLAGS=-mcpu=cortex-a9 -mfpu=vfpv3 -mfloat-abi=hard -
nostartfiles -g -Wall -Wextra"

make[2]: Entering directory 'F:/PFE/Pcam_base_2023_vitis/platform/zynq_fsbl/zynq_fsbl_bsp/ps7_cortexa9_0/libsrc/standalone_v7_1
/src'

make[3]: Entering directory 'F:/PFE/Pcam_base_2023_vitis/platform/zynq_fsbl/zynq_fsbl_bsp/ps7_cortexa9_0/libsrc/standalone_v7_1
/src/profile'

make[3]: Leaving directory 'F:/PFE/Pcam_base_2023_vitis/platform/zynq_fsbl/zynq_fsbl_bsp/ps7_cortexa9_0/libsrc/standalone_v7_1/
src/profile'

make[2]: Leaving directory 'F:/PFE/Pcam_base_2023_vitis/platform/zynq_fsbl/zynq_fsbl_bsp/ps7_cortexa9_0/libsrc/standalone_v7_1/
src'

"Running Make include in ps7_cortexa9_0/libsrc/uartps_v3_8/src"

make -C ps7_cortexa9_0/libsrc/uartps_v3_8/src -s include  "SHELL=CMD" "COMPILER=arm-none-eabi-gcc" "ASSEMBLER=arm-none-eabi-as"
 "ARCHIVER=arm-none-eabi-ar" "COMPILER_FLAGS=  -O2 -c" "EXTRA_COMPILER_FLAGS=-mcpu=cortex-a9 -mfpu=vfpv3 -mfloat-abi=hard -nost
artfiles -g -Wall -Wextra"

make[2]: Entering directory 'F:/PFE/Pcam_base_2023_vitis/platform/zynq_fsbl/zynq_fsbl_bsp/ps7_cortexa9_0/libsrc/uartps_v3_8/src
'

make[2]: Leaving directory 'F:/PFE/Pcam_base_2023_vitis/platform/zynq_fsbl/zynq_fsbl_bsp/ps7_cortexa9_0/libsrc/uartps_v3_8/src'


"Running Make include in ps7_cortexa9_0/libsrc/usbps_v2_4/src"

make -C ps7_cortexa9_0/libsrc/usbps_v2_4/src -s include  "SHELL=CMD" "COMPILER=arm-none-eabi-gcc" "ASSEMBLER=arm-none-eabi-as" 
"ARCHIVER=arm-none-eabi-ar" "COMPILER_FLAGS=  -O2 -c" "EXTRA_COMPILER_FLAGS=-mcpu=cortex-a9 -mfpu=vfpv3 -mfloat-abi=hard -nosta
rtfiles -g -Wall -Wextra"

make[2]: Entering directory 'F:/PFE/Pcam_base_2023_vitis/platform/zynq_fsbl/zynq_fsbl_bsp/ps7_cortexa9_0/libsrc/usbps_v2_4/src'


make[2]: Leaving directory 'F:/PFE/Pcam_base_2023_vitis/platform/zynq_fsbl/zynq_fsbl_bsp/ps7_cortexa9_0/libsrc/usbps_v2_4/src'

"Running Make include in ps7_cortexa9_0/libsrc/video_scaler_v1_0/src"

make -C ps7_cortexa9_0/libsrc/video_scaler_v1_0/src -s include  "SHELL=CMD" "COMPILER=arm-none-eabi-gcc" "ASSEMBLER=arm-none-ea
bi-as" "ARCHIVER=arm-none-eabi-ar" "COMPILER_FLAGS=  -O2 -c" "EXTRA_COMPILER_FLAGS=-mcpu=cortex-a9 -mfpu=vfpv3 -mfloat-abi=hard
 -nostartfiles -g -Wall -Wextra"

make[2]: Entering directory 'F:/PFE/Pcam_base_2023_vitis/platform/zynq_fsbl/zynq_fsbl_bsp/ps7_cortexa9_0/libsrc/video_scaler_v1
_0/src'

make[2]: Leaving directory 'F:/PFE/Pcam_base_2023_vitis/platform/zynq_fsbl/zynq_fsbl_bsp/ps7_cortexa9_0/libsrc/video_scaler_v1_
0/src'

"Running Make include in ps7_cortexa9_0/libsrc/xadcps_v2_3/src"

make -C ps7_cortexa9_0/libsrc/xadcps_v2_3/src -s include  "SHELL=CMD" "COMPILER=arm-none-eabi-gcc" "ASSEMBLER=arm-none-eabi-as"
 "ARCHIVER=arm-none-eabi-ar" "COMPILER_FLAGS=  -O2 -c" "EXTRA_COMPILER_FLAGS=-mcpu=cortex-a9 -mfpu=vfpv3 -mfloat-abi=hard -nost
artfiles -g -Wall -Wextra"

make[2]: Entering directory 'F:/PFE/Pcam_base_2023_vitis/platform/zynq_fsbl/zynq_fsbl_bsp/ps7_cortexa9_0/libsrc/xadcps_v2_3/src
'

make[2]: Leaving directory 'F:/PFE/Pcam_base_2023_vitis/platform/zynq_fsbl/zynq_fsbl_bsp/ps7_cortexa9_0/libsrc/xadcps_v2_3/src'


"Running Make include in ps7_cortexa9_0/libsrc/xilffs_v4_2/src"

make -C ps7_cortexa9_0/libsrc/xilffs_v4_2/src -s include  "SHELL=CMD" "COMPILER=arm-none-eabi-gcc" "ASSEMBLER=arm-none-eabi-as"
 "ARCHIVER=arm-none-eabi-ar" "COMPILER_FLAGS=  -O2 -c" "EXTRA_COMPILER_FLAGS=-mcpu=cortex-a9 -mfpu=vfpv3 -mfloat-abi=hard -nost
artfiles -g -Wall -Wextra"

make[2]: Entering directory 'F:/PFE/Pcam_base_2023_vitis/platform/zynq_fsbl/zynq_fsbl_bsp/ps7_cortexa9_0/libsrc/xilffs_v4_2/src
'

make[2]: Leaving directory 'F:/PFE/Pcam_base_2023_vitis/platform/zynq_fsbl/zynq_fsbl_bsp/ps7_cortexa9_0/libsrc/xilffs_v4_2/src'


"Running Make include in ps7_cortexa9_0/libsrc/xilrsa_v1_5/src"

make -C ps7_cortexa9_0/libsrc/xilrsa_v1_5/src -s include  "SHELL=CMD" "COMPILER=arm-none-eabi-gcc" "ASSEMBLER=arm-none-eabi-as"
 "ARCHIVER=arm-none-eabi-ar" "COMPILER_FLAGS=  -O2 -c" "EXTRA_COMPILER_FLAGS=-mcpu=cortex-a9 -mfpu=vfpv3 -mfloat-abi=hard -nost
artfiles -g -Wall -Wextra"

make[2]: Entering directory 'F:/PFE/Pcam_base_2023_vitis/platform/zynq_fsbl/zynq_fsbl_bsp/ps7_cortexa9_0/libsrc/xilrsa_v1_5/src
'

make[2]: Leaving directory 'F:/PFE/Pcam_base_2023_vitis/platform/zynq_fsbl/zynq_fsbl_bsp/ps7_cortexa9_0/libsrc/xilrsa_v1_5/src'


"Running Make libs in ps7_cortexa9_0/libsrc/axivdma_v6_6/src"

make -C ps7_cortexa9_0/libsrc/axivdma_v6_6/src -s libs  "SHELL=CMD" "COMPILER=arm-none-eabi-gcc" "ASSEMBLER=arm-none-eabi-as" "
ARCHIVER=arm-none-eabi-ar" "COMPILER_FLAGS=  -O2 -c" "EXTRA_COMPILER_FLAGS=-mcpu=cortex-a9 -mfpu=vfpv3 -mfloat-abi=hard -nostar
tfiles -g -Wall -Wextra"

make[2]: Entering directory 'F:/PFE/Pcam_base_2023_vitis/platform/zynq_fsbl/zynq_fsbl_bsp/ps7_cortexa9_0/libsrc/axivdma_v6_6/sr
c'

"Compiling axivdma"

arm-none-eabi-ar: creating ../../../lib/libxil.a
make[3]: Entering directory 'F:/PFE/Pcam_base_2023_vitis/platform/zynq_fsbl/zynq_fsbl_bsp/ps7_cortexa9_0/libsrc/axivdma_v6_6/sr
c'

make[3]: Leaving directory 'F:/PFE/Pcam_base_2023_vitis/platform/zynq_fsbl/zynq_fsbl_bsp/ps7_cortexa9_0/libsrc/axivdma_v6_6/src
'

make[2]: Leaving directory 'F:/PFE/Pcam_base_2023_vitis/platform/zynq_fsbl/zynq_fsbl_bsp/ps7_cortexa9_0/libsrc/axivdma_v6_6/src
'

"Running Make libs in ps7_cortexa9_0/libsrc/coresightps_dcc_v1_6/src"

make -C ps7_cortexa9_0/libsrc/coresightps_dcc_v1_6/src -s libs  "SHELL=CMD" "COMPILER=arm-none-eabi-gcc" "ASSEMBLER=arm-none-ea
bi-as" "ARCHIVER=arm-none-eabi-ar" "COMPILER_FLAGS=  -O2 -c" "EXTRA_COMPILER_FLAGS=-mcpu=cortex-a9 -mfpu=vfpv3 -mfloat-abi=hard
 -nostartfiles -g -Wall -Wextra"

make[2]: Entering directory 'F:/PFE/Pcam_base_2023_vitis/platform/zynq_fsbl/zynq_fsbl_bsp/ps7_cortexa9_0/libsrc/coresightps_dcc
_v1_6/src'

"Compiling coresightps_dcc"

make[2]: Leaving directory 'F:/PFE/Pcam_base_2023_vitis/platform/zynq_fsbl/zynq_fsbl_bsp/ps7_cortexa9_0/libsrc/coresightps_dcc_
v1_6/src'

"Running Make libs in ps7_cortexa9_0/libsrc/cpu_cortexa9_v2_8/src"

make -C ps7_cortexa9_0/libsrc/cpu_cortexa9_v2_8/src -s libs  "SHELL=CMD" "COMPILER=arm-none-eabi-gcc" "ASSEMBLER=arm-none-eabi-
as" "ARCHIVER=arm-none-eabi-ar" "COMPILER_FLAGS=  -O2 -c" "EXTRA_COMPILER_FLAGS=-mcpu=cortex-a9 -mfpu=vfpv3 -mfloat-abi=hard -n
ostartfiles -g -Wall -Wextra"

make[2]: Entering directory 'F:/PFE/Pcam_base_2023_vitis/platform/zynq_fsbl/zynq_fsbl_bsp/ps7_cortexa9_0/libsrc/cpu_cortexa9_v2
_8/src'

"Compiling cpu_cortexa9"

make[2]: Leaving directory 'F:/PFE/Pcam_base_2023_vitis/platform/zynq_fsbl/zynq_fsbl_bsp/ps7_cortexa9_0/libsrc/cpu_cortexa9_v2_
8/src'

"Running Make libs in ps7_cortexa9_0/libsrc/ddrps_v1_0/src"

make -C ps7_cortexa9_0/libsrc/ddrps_v1_0/src -s libs  "SHELL=CMD" "COMPILER=arm-none-eabi-gcc" "ASSEMBLER=arm-none-eabi-as" "AR
CHIVER=arm-none-eabi-ar" "COMPILER_FLAGS=  -O2 -c" "EXTRA_COMPILER_FLAGS=-mcpu=cortex-a9 -mfpu=vfpv3 -mfloat-abi=hard -nostartf
iles -g -Wall -Wextra"

make[2]: Entering directory 'F:/PFE/Pcam_base_2023_vitis/platform/zynq_fsbl/zynq_fsbl_bsp/ps7_cortexa9_0/libsrc/ddrps_v1_0/src'


"Compiling ddrps"

make[2]: Leaving directory 'F:/PFE/Pcam_base_2023_vitis/platform/zynq_fsbl/zynq_fsbl_bsp/ps7_cortexa9_0/libsrc/ddrps_v1_0/src'

"Running Make libs in ps7_cortexa9_0/libsrc/devcfg_v3_5/src"

make -C ps7_cortexa9_0/libsrc/devcfg_v3_5/src -s libs  "SHELL=CMD" "COMPILER=arm-none-eabi-gcc" "ASSEMBLER=arm-none-eabi-as" "A
RCHIVER=arm-none-eabi-ar" "COMPILER_FLAGS=  -O2 -c" "EXTRA_COMPILER_FLAGS=-mcpu=cortex-a9 -mfpu=vfpv3 -mfloat-abi=hard -nostart
files -g -Wall -Wextra"

make[2]: Entering directory 'F:/PFE/Pcam_base_2023_vitis/platform/zynq_fsbl/zynq_fsbl_bsp/ps7_cortexa9_0/libsrc/devcfg_v3_5/src
'

"Compiling devcfg"

make[2]: Leaving directory 'F:/PFE/Pcam_base_2023_vitis/platform/zynq_fsbl/zynq_fsbl_bsp/ps7_cortexa9_0/libsrc/devcfg_v3_5/src'


"Running Make libs in ps7_cortexa9_0/libsrc/dmaps_v2_5/src"

make -C ps7_cortexa9_0/libsrc/dmaps_v2_5/src -s libs  "SHELL=CMD" "COMPILER=arm-none-eabi-gcc" "ASSEMBLER=arm-none-eabi-as" "AR
CHIVER=arm-none-eabi-ar" "COMPILER_FLAGS=  -O2 -c" "EXTRA_COMPILER_FLAGS=-mcpu=cortex-a9 -mfpu=vfpv3 -mfloat-abi=hard -nostartf
iles -g -Wall -Wextra"

make[2]: Entering directory 'F:/PFE/Pcam_base_2023_vitis/platform/zynq_fsbl/zynq_fsbl_bsp/ps7_cortexa9_0/libsrc/dmaps_v2_5/src'


"Compiling dmaps"

make[2]: Leaving directory 'F:/PFE/Pcam_base_2023_vitis/platform/zynq_fsbl/zynq_fsbl_bsp/ps7_cortexa9_0/libsrc/dmaps_v2_5/src'

"Running Make libs in ps7_cortexa9_0/libsrc/emacps_v3_10/src"

make -C ps7_cortexa9_0/libsrc/emacps_v3_10/src -s libs  "SHELL=CMD" "COMPILER=arm-none-eabi-gcc" "ASSEMBLER=arm-none-eabi-as" "
ARCHIVER=arm-none-eabi-ar" "COMPILER_FLAGS=  -O2 -c" "EXTRA_COMPILER_FLAGS=-mcpu=cortex-a9 -mfpu=vfpv3 -mfloat-abi=hard -nostar
tfiles -g -Wall -Wextra"

make[2]: Entering directory 'F:/PFE/Pcam_base_2023_vitis/platform/zynq_fsbl/zynq_fsbl_bsp/ps7_cortexa9_0/libsrc/emacps_v3_10/sr
c'

"Compiling emacps"

make[2]: Leaving directory 'F:/PFE/Pcam_base_2023_vitis/platform/zynq_fsbl/zynq_fsbl_bsp/ps7_cortexa9_0/libsrc/emacps_v3_10/src
'

"Running Make libs in ps7_cortexa9_0/libsrc/gpiops_v3_6/src"

make -C ps7_cortexa9_0/libsrc/gpiops_v3_6/src -s libs  "SHELL=CMD" "COMPILER=arm-none-eabi-gcc" "ASSEMBLER=arm-none-eabi-as" "A
RCHIVER=arm-none-eabi-ar" "COMPILER_FLAGS=  -O2 -c" "EXTRA_COMPILER_FLAGS=-mcpu=cortex-a9 -mfpu=vfpv3 -mfloat-abi=hard -nostart
files -g -Wall -Wextra"

make[2]: Entering directory 'F:/PFE/Pcam_base_2023_vitis/platform/zynq_fsbl/zynq_fsbl_bsp/ps7_cortexa9_0/libsrc/gpiops_v3_6/src
'

"Compiling gpiops"

make[2]: Leaving directory 'F:/PFE/Pcam_base_2023_vitis/platform/zynq_fsbl/zynq_fsbl_bsp/ps7_cortexa9_0/libsrc/gpiops_v3_6/src'


"Running Make libs in ps7_cortexa9_0/libsrc/gpio_v4_5/src"

make -C ps7_cortexa9_0/libsrc/gpio_v4_5/src -s libs  "SHELL=CMD" "COMPILER=arm-none-eabi-gcc" "ASSEMBLER=arm-none-eabi-as" "ARC
HIVER=arm-none-eabi-ar" "COMPILER_FLAGS=  -O2 -c" "EXTRA_COMPILER_FLAGS=-mcpu=cortex-a9 -mfpu=vfpv3 -mfloat-abi=hard -nostartfi
les -g -Wall -Wextra"

make[2]: Entering directory 'F:/PFE/Pcam_base_2023_vitis/platform/zynq_fsbl/zynq_fsbl_bsp/ps7_cortexa9_0/libsrc/gpio_v4_5/src'

"Compiling gpio"

make[2]: Leaving directory 'F:/PFE/Pcam_base_2023_vitis/platform/zynq_fsbl/zynq_fsbl_bsp/ps7_cortexa9_0/libsrc/gpio_v4_5/src'

"Running Make libs in ps7_cortexa9_0/libsrc/iicps_v3_10/src"

make -C ps7_cortexa9_0/libsrc/iicps_v3_10/src -s libs  "SHELL=CMD" "COMPILER=arm-none-eabi-gcc" "ASSEMBLER=arm-none-eabi-as" "A
RCHIVER=arm-none-eabi-ar" "COMPILER_FLAGS=  -O2 -c" "EXTRA_COMPILER_FLAGS=-mcpu=cortex-a9 -mfpu=vfpv3 -mfloat-abi=hard -nostart
files -g -Wall -Wextra"

make[2]: Entering directory 'F:/PFE/Pcam_base_2023_vitis/platform/zynq_fsbl/zynq_fsbl_bsp/ps7_cortexa9_0/libsrc/iicps_v3_10/src
'

"Compiling iicps"

make[2]: Leaving directory 'F:/PFE/Pcam_base_2023_vitis/platform/zynq_fsbl/zynq_fsbl_bsp/ps7_cortexa9_0/libsrc/iicps_v3_10/src'


"Running Make libs in ps7_cortexa9_0/libsrc/MIPI_CSI_2_RX_v1_0/src"

make -C ps7_cortexa9_0/libsrc/MIPI_CSI_2_RX_v1_0/src -s libs  "SHELL=CMD" "COMPILER=arm-none-eabi-gcc" "ASSEMBLER=arm-none-eabi
-as" "ARCHIVER=arm-none-eabi-ar" "COMPILER_FLAGS=  -O2 -c" "EXTRA_COMPILER_FLAGS=-mcpu=cortex-a9 -mfpu=vfpv3 -mfloat-abi=hard -
nostartfiles -g -Wall -Wextra"

make[2]: Entering directory 'F:/PFE/Pcam_base_2023_vitis/platform/zynq_fsbl/zynq_fsbl_bsp/ps7_cortexa9_0/libsrc/MIPI_CSI_2_RX_v
1_0/src'

"Compiling MIPI_CSI_2_RX..."

make[3]: Entering directory 'F:/PFE/Pcam_base_2023_vitis/platform/zynq_fsbl/zynq_fsbl_bsp/ps7_cortexa9_0/libsrc/MIPI_CSI_2_RX_v
1_0/src'

make[3]: Leaving directory 'F:/PFE/Pcam_base_2023_vitis/platform/zynq_fsbl/zynq_fsbl_bsp/ps7_cortexa9_0/libsrc/MIPI_CSI_2_RX_v1
_0/src'

make[2]: Leaving directory 'F:/PFE/Pcam_base_2023_vitis/platform/zynq_fsbl/zynq_fsbl_bsp/ps7_cortexa9_0/libsrc/MIPI_CSI_2_RX_v1
_0/src'

"Running Make libs in ps7_cortexa9_0/libsrc/MIPI_D_PHY_RX_v1_0/src"

make -C ps7_cortexa9_0/libsrc/MIPI_D_PHY_RX_v1_0/src -s libs  "SHELL=CMD" "COMPILER=arm-none-eabi-gcc" "ASSEMBLER=arm-none-eabi
-as" "ARCHIVER=arm-none-eabi-ar" "COMPILER_FLAGS=  -O2 -c" "EXTRA_COMPILER_FLAGS=-mcpu=cortex-a9 -mfpu=vfpv3 -mfloat-abi=hard -
nostartfiles -g -Wall -Wextra"

make[2]: Entering directory 'F:/PFE/Pcam_base_2023_vitis/platform/zynq_fsbl/zynq_fsbl_bsp/ps7_cortexa9_0/libsrc/MIPI_D_PHY_RX_v
1_0/src'

"Compiling MIPI_D_PHY_RX..."

make[3]: Entering directory 'F:/PFE/Pcam_base_2023_vitis/platform/zynq_fsbl/zynq_fsbl_bsp/ps7_cortexa9_0/libsrc/MIPI_D_PHY_RX_v
1_0/src'

make[3]: Leaving directory 'F:/PFE/Pcam_base_2023_vitis/platform/zynq_fsbl/zynq_fsbl_bsp/ps7_cortexa9_0/libsrc/MIPI_D_PHY_RX_v1
_0/src'

make[2]: Leaving directory 'F:/PFE/Pcam_base_2023_vitis/platform/zynq_fsbl/zynq_fsbl_bsp/ps7_cortexa9_0/libsrc/MIPI_D_PHY_RX_v1
_0/src'

"Running Make libs in ps7_cortexa9_0/libsrc/qspips_v3_6/src"

make -C ps7_cortexa9_0/libsrc/qspips_v3_6/src -s libs  "SHELL=CMD" "COMPILER=arm-none-eabi-gcc" "ASSEMBLER=arm-none-eabi-as" "A
RCHIVER=arm-none-eabi-ar" "COMPILER_FLAGS=  -O2 -c" "EXTRA_COMPILER_FLAGS=-mcpu=cortex-a9 -mfpu=vfpv3 -mfloat-abi=hard -nostart
files -g -Wall -Wextra"

make[2]: Entering directory 'F:/PFE/Pcam_base_2023_vitis/platform/zynq_fsbl/zynq_fsbl_bsp/ps7_cortexa9_0/libsrc/qspips_v3_6/src
'

"Compiling qspips"

make[2]: Leaving directory 'F:/PFE/Pcam_base_2023_vitis/platform/zynq_fsbl/zynq_fsbl_bsp/ps7_cortexa9_0/libsrc/qspips_v3_6/src'


"Running Make libs in ps7_cortexa9_0/libsrc/scugic_v4_1/src"

make -C ps7_cortexa9_0/libsrc/scugic_v4_1/src -s libs  "SHELL=CMD" "COMPILER=arm-none-eabi-gcc" "ASSEMBLER=arm-none-eabi-as" "A
RCHIVER=arm-none-eabi-ar" "COMPILER_FLAGS=  -O2 -c" "EXTRA_COMPILER_FLAGS=-mcpu=cortex-a9 -mfpu=vfpv3 -mfloat-abi=hard -nostart
files -g -Wall -Wextra"

make[2]: Entering directory 'F:/PFE/Pcam_base_2023_vitis/platform/zynq_fsbl/zynq_fsbl_bsp/ps7_cortexa9_0/libsrc/scugic_v4_1/src
'

"Compiling scugic"

make[2]: Leaving directory 'F:/PFE/Pcam_base_2023_vitis/platform/zynq_fsbl/zynq_fsbl_bsp/ps7_cortexa9_0/libsrc/scugic_v4_1/src'


"Running Make libs in ps7_cortexa9_0/libsrc/scutimer_v2_1/src"

make -C ps7_cortexa9_0/libsrc/scutimer_v2_1/src -s libs  "SHELL=CMD" "COMPILER=arm-none-eabi-gcc" "ASSEMBLER=arm-none-eabi-as" 
"ARCHIVER=arm-none-eabi-ar" "COMPILER_FLAGS=  -O2 -c" "EXTRA_COMPILER_FLAGS=-mcpu=cortex-a9 -mfpu=vfpv3 -mfloat-abi=hard -nosta
rtfiles -g -Wall -Wextra"

make[2]: Entering directory 'F:/PFE/Pcam_base_2023_vitis/platform/zynq_fsbl/zynq_fsbl_bsp/ps7_cortexa9_0/libsrc/scutimer_v2_1/s
rc'

"Compiling scutimer"

make[2]: Leaving directory 'F:/PFE/Pcam_base_2023_vitis/platform/zynq_fsbl/zynq_fsbl_bsp/ps7_cortexa9_0/libsrc/scutimer_v2_1/sr
c'

"Running Make libs in ps7_cortexa9_0/libsrc/scuwdt_v2_1/src"

make -C ps7_cortexa9_0/libsrc/scuwdt_v2_1/src -s libs  "SHELL=CMD" "COMPILER=arm-none-eabi-gcc" "ASSEMBLER=arm-none-eabi-as" "A
RCHIVER=arm-none-eabi-ar" "COMPILER_FLAGS=  -O2 -c" "EXTRA_COMPILER_FLAGS=-mcpu=cortex-a9 -mfpu=vfpv3 -mfloat-abi=hard -nostart
files -g -Wall -Wextra"

make[2]: Entering directory 'F:/PFE/Pcam_base_2023_vitis/platform/zynq_fsbl/zynq_fsbl_bsp/ps7_cortexa9_0/libsrc/scuwdt_v2_1/src
'

"Compiling scuwdt"

make[2]: Leaving directory 'F:/PFE/Pcam_base_2023_vitis/platform/zynq_fsbl/zynq_fsbl_bsp/ps7_cortexa9_0/libsrc/scuwdt_v2_1/src'


"Running Make libs in ps7_cortexa9_0/libsrc/sdps_v3_8/src"

make -C ps7_cortexa9_0/libsrc/sdps_v3_8/src -s libs  "SHELL=CMD" "COMPILER=arm-none-eabi-gcc" "ASSEMBLER=arm-none-eabi-as" "ARC
HIVER=arm-none-eabi-ar" "COMPILER_FLAGS=  -O2 -c" "EXTRA_COMPILER_FLAGS=-mcpu=cortex-a9 -mfpu=vfpv3 -mfloat-abi=hard -nostartfi
les -g -Wall -Wextra"

make[2]: Entering directory 'F:/PFE/Pcam_base_2023_vitis/platform/zynq_fsbl/zynq_fsbl_bsp/ps7_cortexa9_0/libsrc/sdps_v3_8/src'

"Compiling sdps"

make[2]: Leaving directory 'F:/PFE/Pcam_base_2023_vitis/platform/zynq_fsbl/zynq_fsbl_bsp/ps7_cortexa9_0/libsrc/sdps_v3_8/src'

"Running Make libs in ps7_cortexa9_0/libsrc/standalone_v7_1/src"

make -C ps7_cortexa9_0/libsrc/standalone_v7_1/src -s libs  "SHELL=CMD" "COMPILER=arm-none-eabi-gcc" "ASSEMBLER=arm-none-eabi-as
" "ARCHIVER=arm-none-eabi-ar" "COMPILER_FLAGS=  -O2 -c" "EXTRA_COMPILER_FLAGS=-mcpu=cortex-a9 -mfpu=vfpv3 -mfloat-abi=hard -nos
tartfiles -g -Wall -Wextra"

make[2]: Entering directory 'F:/PFE/Pcam_base_2023_vitis/platform/zynq_fsbl/zynq_fsbl_bsp/ps7_cortexa9_0/libsrc/standalone_v7_1
/src'

"Compiling standalone"

In file included from usleep.c:54:
xtime_l.h:85:9: note: #pragma message: For the sleep routines, Global timer is being used
 #pragma message ("For the sleep routines, Global timer is being used")
         ^~~~~~~
In file included from xil_sleeptimer.c:52:
xtime_l.h:85:9: note: #pragma message: For the sleep routines, Global timer is being used
 #pragma message ("For the sleep routines, Global timer is being used")
         ^~~~~~~
In file included from xtime_l.c:47:
xtime_l.h:85:9: note: #pragma message: For the sleep routines, Global timer is being used
 #pragma message ("For the sleep routines, Global timer is being used")
         ^~~~~~~
In file included from sleep.c:51:
xtime_l.h:85:9: note: #pragma message: For the sleep routines, Global timer is being used
 #pragma message ("For the sleep routines, Global timer is being used")
         ^~~~~~~
make[2]: Leaving directory 'F:/PFE/Pcam_base_2023_vitis/platform/zynq_fsbl/zynq_fsbl_bsp/ps7_cortexa9_0/libsrc/standalone_v7_1/
src'

"Running Make libs in ps7_cortexa9_0/libsrc/uartps_v3_8/src"

make -C ps7_cortexa9_0/libsrc/uartps_v3_8/src -s libs  "SHELL=CMD" "COMPILER=arm-none-eabi-gcc" "ASSEMBLER=arm-none-eabi-as" "A
RCHIVER=arm-none-eabi-ar" "COMPILER_FLAGS=  -O2 -c" "EXTRA_COMPILER_FLAGS=-mcpu=cortex-a9 -mfpu=vfpv3 -mfloat-abi=hard -nostart
files -g -Wall -Wextra"

make[2]: Entering directory 'F:/PFE/Pcam_base_2023_vitis/platform/zynq_fsbl/zynq_fsbl_bsp/ps7_cortexa9_0/libsrc/uartps_v3_8/src
'

"Compiling uartps"

make[2]: Leaving directory 'F:/PFE/Pcam_base_2023_vitis/platform/zynq_fsbl/zynq_fsbl_bsp/ps7_cortexa9_0/libsrc/uartps_v3_8/src'


"Running Make libs in ps7_cortexa9_0/libsrc/usbps_v2_4/src"

make -C ps7_cortexa9_0/libsrc/usbps_v2_4/src -s libs  "SHELL=CMD" "COMPILER=arm-none-eabi-gcc" "ASSEMBLER=arm-none-eabi-as" "AR
CHIVER=arm-none-eabi-ar" "COMPILER_FLAGS=  -O2 -c" "EXTRA_COMPILER_FLAGS=-mcpu=cortex-a9 -mfpu=vfpv3 -mfloat-abi=hard -nostartf
iles -g -Wall -Wextra"

make[2]: Entering directory 'F:/PFE/Pcam_base_2023_vitis/platform/zynq_fsbl/zynq_fsbl_bsp/ps7_cortexa9_0/libsrc/usbps_v2_4/src'


"Compiling usbps"

make[2]: Leaving directory 'F:/PFE/Pcam_base_2023_vitis/platform/zynq_fsbl/zynq_fsbl_bsp/ps7_cortexa9_0/libsrc/usbps_v2_4/src'

"Running Make libs in ps7_cortexa9_0/libsrc/video_scaler_v1_0/src"

make -C ps7_cortexa9_0/libsrc/video_scaler_v1_0/src -s libs  "SHELL=CMD" "COMPILER=arm-none-eabi-gcc" "ASSEMBLER=arm-none-eabi-
as" "ARCHIVER=arm-none-eabi-ar" "COMPILER_FLAGS=  -O2 -c" "EXTRA_COMPILER_FLAGS=-mcpu=cortex-a9 -mfpu=vfpv3 -mfloat-abi=hard -n
ostartfiles -g -Wall -Wextra"

make[2]: Entering directory 'F:/PFE/Pcam_base_2023_vitis/platform/zynq_fsbl/zynq_fsbl_bsp/ps7_cortexa9_0/libsrc/video_scaler_v1
_0/src'

"Compiling video_scaler"

make[3]: Entering directory 'F:/PFE/Pcam_base_2023_vitis/platform/zynq_fsbl/zynq_fsbl_bsp/ps7_cortexa9_0/libsrc/video_scaler_v1
_0/src'

make[3]: Leaving directory 'F:/PFE/Pcam_base_2023_vitis/platform/zynq_fsbl/zynq_fsbl_bsp/ps7_cortexa9_0/libsrc/video_scaler_v1_
0/src'

make[2]: Leaving directory 'F:/PFE/Pcam_base_2023_vitis/platform/zynq_fsbl/zynq_fsbl_bsp/ps7_cortexa9_0/libsrc/video_scaler_v1_
0/src'

"Running Make libs in ps7_cortexa9_0/libsrc/xadcps_v2_3/src"

make -C ps7_cortexa9_0/libsrc/xadcps_v2_3/src -s libs  "SHELL=CMD" "COMPILER=arm-none-eabi-gcc" "ASSEMBLER=arm-none-eabi-as" "A
RCHIVER=arm-none-eabi-ar" "COMPILER_FLAGS=  -O2 -c" "EXTRA_COMPILER_FLAGS=-mcpu=cortex-a9 -mfpu=vfpv3 -mfloat-abi=hard -nostart
files -g -Wall -Wextra"

make[2]: Entering directory 'F:/PFE/Pcam_base_2023_vitis/platform/zynq_fsbl/zynq_fsbl_bsp/ps7_cortexa9_0/libsrc/xadcps_v2_3/src
'

"Compiling xadcps"

make[2]: Leaving directory 'F:/PFE/Pcam_base_2023_vitis/platform/zynq_fsbl/zynq_fsbl_bsp/ps7_cortexa9_0/libsrc/xadcps_v2_3/src'


"Running Make libs in ps7_cortexa9_0/libsrc/xilffs_v4_2/src"

make -C ps7_cortexa9_0/libsrc/xilffs_v4_2/src -s libs  "SHELL=CMD" "COMPILER=arm-none-eabi-gcc" "ASSEMBLER=arm-none-eabi-as" "A
RCHIVER=arm-none-eabi-ar" "COMPILER_FLAGS=  -O2 -c" "EXTRA_COMPILER_FLAGS=-mcpu=cortex-a9 -mfpu=vfpv3 -mfloat-abi=hard -nostart
files -g -Wall -Wextra"

make[2]: Entering directory 'F:/PFE/Pcam_base_2023_vitis/platform/zynq_fsbl/zynq_fsbl_bsp/ps7_cortexa9_0/libsrc/xilffs_v4_2/src
'

"Compiling XilFFs Library"

make[2]: Leaving directory 'F:/PFE/Pcam_base_2023_vitis/platform/zynq_fsbl/zynq_fsbl_bsp/ps7_cortexa9_0/libsrc/xilffs_v4_2/src'


"Running Make libs in ps7_cortexa9_0/libsrc/xilrsa_v1_5/src"

make -C ps7_cortexa9_0/libsrc/xilrsa_v1_5/src -s libs  "SHELL=CMD" "COMPILER=arm-none-eabi-gcc" "ASSEMBLER=arm-none-eabi-as" "A
RCHIVER=arm-none-eabi-ar" "COMPILER_FLAGS=  -O2 -c" "EXTRA_COMPILER_FLAGS=-mcpu=cortex-a9 -mfpu=vfpv3 -mfloat-abi=hard -nostart
files -g -Wall -Wextra"

make[2]: Entering directory 'F:/PFE/Pcam_base_2023_vitis/platform/zynq_fsbl/zynq_fsbl_bsp/ps7_cortexa9_0/libsrc/xilrsa_v1_5/src
'

make[2]: Leaving directory 'F:/PFE/Pcam_base_2023_vitis/platform/zynq_fsbl/zynq_fsbl_bsp/ps7_cortexa9_0/libsrc/xilrsa_v1_5/src'


'Finished building libraries'

make[1]: Leaving directory 'F:/PFE/Pcam_base_2023_vitis/platform/zynq_fsbl/zynq_fsbl_bsp'

arm-none-eabi-gcc -MMD -MP       -mcpu=cortex-a9 -mfpu=vfpv3 -mfloat-abi=hard   -c sd.c -o sd.o -Izynq_fsbl_bsp/ps7_cortexa9_0/
include -I.

arm-none-eabi-gcc -MMD -MP       -mcpu=cortex-a9 -mfpu=vfpv3 -mfloat-abi=hard   -c nand.c -o nand.o -Izynq_fsbl_bsp/ps7_cortexa
9_0/include -I.

arm-none-eabi-gcc -MMD -MP       -mcpu=cortex-a9 -mfpu=vfpv3 -mfloat-abi=hard   -c nor.c -o nor.o -Izynq_fsbl_bsp/ps7_cortexa9_
0/include -I.

arm-none-eabi-gcc -MMD -MP       -mcpu=cortex-a9 -mfpu=vfpv3 -mfloat-abi=hard   -c image_mover.c -o image_mover.o -Izynq_fsbl_b
sp/ps7_cortexa9_0/include -I.

arm-none-eabi-gcc -MMD -MP       -mcpu=cortex-a9 -mfpu=vfpv3 -mfloat-abi=hard   -c md5.c -o md5.o -Izynq_fsbl_bsp/ps7_cortexa9_
0/include -I.

arm-none-eabi-gcc -MMD -MP       -mcpu=cortex-a9 -mfpu=vfpv3 -mfloat-abi=hard   -c fsbl_hooks.c -o fsbl_hooks.o -Izynq_fsbl_bsp
/ps7_cortexa9_0/include -I.

arm-none-eabi-gcc -MMD -MP       -mcpu=cortex-a9 -mfpu=vfpv3 -mfloat-abi=hard   -c main.c -o main.o -Izynq_fsbl_bsp/ps7_cortexa
9_0/include -I.

In file included from main.c:135:
zynq_fsbl_bsp/ps7_cortexa9_0/include/xtime_l.h:85:9: note: #pragma message: For the sleep routines, Global timer is being used
 #pragma message ("For the sleep routines, Global timer is being used")
         ^~~~~~~
arm-none-eabi-gcc -MMD -MP       -mcpu=cortex-a9 -mfpu=vfpv3 -mfloat-abi=hard   -c rsa.c -o rsa.o -Izynq_fsbl_bsp/ps7_cortexa9_
0/include -I.

arm-none-eabi-gcc -MMD -MP       -mcpu=cortex-a9 -mfpu=vfpv3 -mfloat-abi=hard   -c qspi.c -o qspi.o -Izynq_fsbl_bsp/ps7_cortexa
9_0/include -I.

arm-none-eabi-gcc -MMD -MP       -mcpu=cortex-a9 -mfpu=vfpv3 -mfloat-abi=hard   -c ps7_init.c -o ps7_init.o -Izynq_fsbl_bsp/ps7
_cortexa9_0/include -I.

arm-none-eabi-gcc -MMD -MP       -mcpu=cortex-a9 -mfpu=vfpv3 -mfloat-abi=hard   -c pcap.c -o pcap.o -Izynq_fsbl_bsp/ps7_cortexa
9_0/include -I.

In file included from pcap.c:98:
zynq_fsbl_bsp/ps7_cortexa9_0/include/xtime_l.h:85:9: note: #pragma message: For the sleep routines, Global timer is being used
 #pragma message ("For the sleep routines, Global timer is being used")
         ^~~~~~~
arm-none-eabi-gcc -MMD -MP       -mcpu=cortex-a9 -mfpu=vfpv3 -mfloat-abi=hard   -c fsbl_handoff.S -o fsbl_handoff.o -Izynq_fsbl
_bsp/ps7_cortexa9_0/include -I.

arm-none-eabi-gcc -o executable.elf  sd.o  nand.o  nor.o  image_mover.o  md5.o  fsbl_hooks.o  main.o  rsa.o  qspi.o  ps7_init.o
  pcap.o  fsbl_handoff.o -MMD -MP       -mcpu=cortex-a9 -mfpu=vfpv3 -mfloat-abi=hard   -mcpu=cortex-a9 -mfpu=vfpv3 -mfloat-abi=
hard -Wl,-build-id=none -specs=Xilinx.spec  -lrsa -Wl,--start-group,-lxil,-lgcc,-lc,--end-group -Wl,--start-group,-lxilffs,-lxi
l,-lgcc,-lc,--end-group -Wl,--start-group,-lrsa,-lxil,-lgcc,-lc,--end-group                                                -Wl,
--gc-sections -Lzynq_fsbl_bsp/ps7_cortexa9_0/lib -L./ -Tlscript.ld

Building the BSP Library for domain  - standalone_domain on processor ps7_cortexa9_0
"Running Make include in ps7_cortexa9_0/libsrc/axivdma_v6_6/src"

make -C ps7_cortexa9_0/libsrc/axivdma_v6_6/src -s include  "SHELL=CMD" "COMPILER=arm-none-eabi-gcc" "ASSEMBLER=arm-none-eabi-as
" "ARCHIVER=arm-none-eabi-ar" "COMPILER_FLAGS=  -O2 -c" "EXTRA_COMPILER_FLAGS=-mcpu=cortex-a9 -mfpu=vfpv3 -mfloat-abi=hard -nos
tartfiles -g -Wall -Wextra"

"Running Make include in ps7_cortexa9_0/libsrc/coresightps_dcc_v1_6/src"

make -C ps7_cortexa9_0/libsrc/coresightps_dcc_v1_6/src -s include  "SHELL=CMD" "COMPILER=arm-none-eabi-gcc" "ASSEMBLER=arm-none
-eabi-as" "ARCHIVER=arm-none-eabi-ar" "COMPILER_FLAGS=  -O2 -c" "EXTRA_COMPILER_FLAGS=-mcpu=cortex-a9 -mfpu=vfpv3 -mfloat-abi=h
ard -nostartfiles -g -Wall -Wextra"

"Running Make include in ps7_cortexa9_0/libsrc/cpu_cortexa9_v2_8/src"

make -C ps7_cortexa9_0/libsrc/cpu_cortexa9_v2_8/src -s include  "SHELL=CMD" "COMPILER=arm-none-eabi-gcc" "ASSEMBLER=arm-none-ea
bi-as" "ARCHIVER=arm-none-eabi-ar" "COMPILER_FLAGS=  -O2 -c" "EXTRA_COMPILER_FLAGS=-mcpu=cortex-a9 -mfpu=vfpv3 -mfloat-abi=hard
 -nostartfiles -g -Wall -Wextra"

"Running Make include in ps7_cortexa9_0/libsrc/ddrps_v1_0/src"

make -C ps7_cortexa9_0/libsrc/ddrps_v1_0/src -s include  "SHELL=CMD" "COMPILER=arm-none-eabi-gcc" "ASSEMBLER=arm-none-eabi-as" 
"ARCHIVER=arm-none-eabi-ar" "COMPILER_FLAGS=  -O2 -c" "EXTRA_COMPILER_FLAGS=-mcpu=cortex-a9 -mfpu=vfpv3 -mfloat-abi=hard -nosta
rtfiles -g -Wall -Wextra"

"Running Make include in ps7_cortexa9_0/libsrc/devcfg_v3_5/src"

make -C ps7_cortexa9_0/libsrc/devcfg_v3_5/src -s include  "SHELL=CMD" "COMPILER=arm-none-eabi-gcc" "ASSEMBLER=arm-none-eabi-as"
 "ARCHIVER=arm-none-eabi-ar" "COMPILER_FLAGS=  -O2 -c" "EXTRA_COMPILER_FLAGS=-mcpu=cortex-a9 -mfpu=vfpv3 -mfloat-abi=hard -nost
artfiles -g -Wall -Wextra"

"Running Make include in ps7_cortexa9_0/libsrc/dmaps_v2_5/src"

make -C ps7_cortexa9_0/libsrc/dmaps_v2_5/src -s include  "SHELL=CMD" "COMPILER=arm-none-eabi-gcc" "ASSEMBLER=arm-none-eabi-as" 
"ARCHIVER=arm-none-eabi-ar" "COMPILER_FLAGS=  -O2 -c" "EXTRA_COMPILER_FLAGS=-mcpu=cortex-a9 -mfpu=vfpv3 -mfloat-abi=hard -nosta
rtfiles -g -Wall -Wextra"

"Running Make include in ps7_cortexa9_0/libsrc/emacps_v3_10/src"

make -C ps7_cortexa9_0/libsrc/emacps_v3_10/src -s include  "SHELL=CMD" "COMPILER=arm-none-eabi-gcc" "ASSEMBLER=arm-none-eabi-as
" "ARCHIVER=arm-none-eabi-ar" "COMPILER_FLAGS=  -O2 -c" "EXTRA_COMPILER_FLAGS=-mcpu=cortex-a9 -mfpu=vfpv3 -mfloat-abi=hard -nos
tartfiles -g -Wall -Wextra"

"Running Make include in ps7_cortexa9_0/libsrc/gpiops_v3_6/src"

make -C ps7_cortexa9_0/libsrc/gpiops_v3_6/src -s include  "SHELL=CMD" "COMPILER=arm-none-eabi-gcc" "ASSEMBLER=arm-none-eabi-as"
 "ARCHIVER=arm-none-eabi-ar" "COMPILER_FLAGS=  -O2 -c" "EXTRA_COMPILER_FLAGS=-mcpu=cortex-a9 -mfpu=vfpv3 -mfloat-abi=hard -nost
artfiles -g -Wall -Wextra"

"Running Make include in ps7_cortexa9_0/libsrc/gpio_v4_5/src"

make -C ps7_cortexa9_0/libsrc/gpio_v4_5/src -s include  "SHELL=CMD" "COMPILER=arm-none-eabi-gcc" "ASSEMBLER=arm-none-eabi-as" "
ARCHIVER=arm-none-eabi-ar" "COMPILER_FLAGS=  -O2 -c" "EXTRA_COMPILER_FLAGS=-mcpu=cortex-a9 -mfpu=vfpv3 -mfloat-abi=hard -nostar
tfiles -g -Wall -Wextra"

"Running Make include in ps7_cortexa9_0/libsrc/iicps_v3_10/src"

make -C ps7_cortexa9_0/libsrc/iicps_v3_10/src -s include  "SHELL=CMD" "COMPILER=arm-none-eabi-gcc" "ASSEMBLER=arm-none-eabi-as"
 "ARCHIVER=arm-none-eabi-ar" "COMPILER_FLAGS=  -O2 -c" "EXTRA_COMPILER_FLAGS=-mcpu=cortex-a9 -mfpu=vfpv3 -mfloat-abi=hard -nost
artfiles -g -Wall -Wextra"

"Running Make include in ps7_cortexa9_0/libsrc/MIPI_CSI_2_RX_v1_0/src"

make -C ps7_cortexa9_0/libsrc/MIPI_CSI_2_RX_v1_0/src -s include  "SHELL=CMD" "COMPILER=arm-none-eabi-gcc" "ASSEMBLER=arm-none-e
abi-as" "ARCHIVER=arm-none-eabi-ar" "COMPILER_FLAGS=  -O2 -c" "EXTRA_COMPILER_FLAGS=-mcpu=cortex-a9 -mfpu=vfpv3 -mfloat-abi=har
d -nostartfiles -g -Wall -Wextra"

"Running Make include in ps7_cortexa9_0/libsrc/MIPI_D_PHY_RX_v1_0/src"

make -C ps7_cortexa9_0/libsrc/MIPI_D_PHY_RX_v1_0/src -s include  "SHELL=CMD" "COMPILER=arm-none-eabi-gcc" "ASSEMBLER=arm-none-e
abi-as" "ARCHIVER=arm-none-eabi-ar" "COMPILER_FLAGS=  -O2 -c" "EXTRA_COMPILER_FLAGS=-mcpu=cortex-a9 -mfpu=vfpv3 -mfloat-abi=har
d -nostartfiles -g -Wall -Wextra"

"Running Make include in ps7_cortexa9_0/libsrc/qspips_v3_6/src"

make -C ps7_cortexa9_0/libsrc/qspips_v3_6/src -s include  "SHELL=CMD" "COMPILER=arm-none-eabi-gcc" "ASSEMBLER=arm-none-eabi-as"
 "ARCHIVER=arm-none-eabi-ar" "COMPILER_FLAGS=  -O2 -c" "EXTRA_COMPILER_FLAGS=-mcpu=cortex-a9 -mfpu=vfpv3 -mfloat-abi=hard -nost
artfiles -g -Wall -Wextra"

"Running Make include in ps7_cortexa9_0/libsrc/scugic_v4_1/src"

make -C ps7_cortexa9_0/libsrc/scugic_v4_1/src -s include  "SHELL=CMD" "COMPILER=arm-none-eabi-gcc" "ASSEMBLER=arm-none-eabi-as"
 "ARCHIVER=arm-none-eabi-ar" "COMPILER_FLAGS=  -O2 -c" "EXTRA_COMPILER_FLAGS=-mcpu=cortex-a9 -mfpu=vfpv3 -mfloat-abi=hard -nost
artfiles -g -Wall -Wextra"

"Running Make include in ps7_cortexa9_0/libsrc/scutimer_v2_1/src"

make -C ps7_cortexa9_0/libsrc/scutimer_v2_1/src -s include  "SHELL=CMD" "COMPILER=arm-none-eabi-gcc" "ASSEMBLER=arm-none-eabi-a
s" "ARCHIVER=arm-none-eabi-ar" "COMPILER_FLAGS=  -O2 -c" "EXTRA_COMPILER_FLAGS=-mcpu=cortex-a9 -mfpu=vfpv3 -mfloat-abi=hard -no
startfiles -g -Wall -Wextra"

"Running Make include in ps7_cortexa9_0/libsrc/scuwdt_v2_1/src"

make -C ps7_cortexa9_0/libsrc/scuwdt_v2_1/src -s include  "SHELL=CMD" "COMPILER=arm-none-eabi-gcc" "ASSEMBLER=arm-none-eabi-as"
 "ARCHIVER=arm-none-eabi-ar" "COMPILER_FLAGS=  -O2 -c" "EXTRA_COMPILER_FLAGS=-mcpu=cortex-a9 -mfpu=vfpv3 -mfloat-abi=hard -nost
artfiles -g -Wall -Wextra"

"Running Make include in ps7_cortexa9_0/libsrc/sdps_v3_8/src"

make -C ps7_cortexa9_0/libsrc/sdps_v3_8/src -s include  "SHELL=CMD" "COMPILER=arm-none-eabi-gcc" "ASSEMBLER=arm-none-eabi-as" "
ARCHIVER=arm-none-eabi-ar" "COMPILER_FLAGS=  -O2 -c" "EXTRA_COMPILER_FLAGS=-mcpu=cortex-a9 -mfpu=vfpv3 -mfloat-abi=hard -nostar
tfiles -g -Wall -Wextra"

"Running Make include in ps7_cortexa9_0/libsrc/standalone_v7_1/src"

make -C ps7_cortexa9_0/libsrc/standalone_v7_1/src -s include  "SHELL=CMD" "COMPILER=arm-none-eabi-gcc" "ASSEMBLER=arm-none-eabi
-as" "ARCHIVER=arm-none-eabi-ar" "COMPILER_FLAGS=  -O2 -c" "EXTRA_COMPILER_FLAGS=-mcpu=cortex-a9 -mfpu=vfpv3 -mfloat-abi=hard -
nostartfiles -g -Wall -Wextra"

"Running Make include in ps7_cortexa9_0/libsrc/uartps_v3_8/src"

make -C ps7_cortexa9_0/libsrc/uartps_v3_8/src -s include  "SHELL=CMD" "COMPILER=arm-none-eabi-gcc" "ASSEMBLER=arm-none-eabi-as"
 "ARCHIVER=arm-none-eabi-ar" "COMPILER_FLAGS=  -O2 -c" "EXTRA_COMPILER_FLAGS=-mcpu=cortex-a9 -mfpu=vfpv3 -mfloat-abi=hard -nost
artfiles -g -Wall -Wextra"

"Running Make include in ps7_cortexa9_0/libsrc/usbps_v2_4/src"

make -C ps7_cortexa9_0/libsrc/usbps_v2_4/src -s include  "SHELL=CMD" "COMPILER=arm-none-eabi-gcc" "ASSEMBLER=arm-none-eabi-as" 
"ARCHIVER=arm-none-eabi-ar" "COMPILER_FLAGS=  -O2 -c" "EXTRA_COMPILER_FLAGS=-mcpu=cortex-a9 -mfpu=vfpv3 -mfloat-abi=hard -nosta
rtfiles -g -Wall -Wextra"

"Running Make include in ps7_cortexa9_0/libsrc/video_scaler_v1_0/src"

make -C ps7_cortexa9_0/libsrc/video_scaler_v1_0/src -s include  "SHELL=CMD" "COMPILER=arm-none-eabi-gcc" "ASSEMBLER=arm-none-ea
bi-as" "ARCHIVER=arm-none-eabi-ar" "COMPILER_FLAGS=  -O2 -c" "EXTRA_COMPILER_FLAGS=-mcpu=cortex-a9 -mfpu=vfpv3 -mfloat-abi=hard
 -nostartfiles -g -Wall -Wextra"

"Running Make include in ps7_cortexa9_0/libsrc/xadcps_v2_3/src"

make -C ps7_cortexa9_0/libsrc/xadcps_v2_3/src -s include  "SHELL=CMD" "COMPILER=arm-none-eabi-gcc" "ASSEMBLER=arm-none-eabi-as"
 "ARCHIVER=arm-none-eabi-ar" "COMPILER_FLAGS=  -O2 -c" "EXTRA_COMPILER_FLAGS=-mcpu=cortex-a9 -mfpu=vfpv3 -mfloat-abi=hard -nost
artfiles -g -Wall -Wextra"

"Running Make libs in ps7_cortexa9_0/libsrc/axivdma_v6_6/src"

make -C ps7_cortexa9_0/libsrc/axivdma_v6_6/src -s libs  "SHELL=CMD" "COMPILER=arm-none-eabi-gcc" "ASSEMBLER=arm-none-eabi-as" "
ARCHIVER=arm-none-eabi-ar" "COMPILER_FLAGS=  -O2 -c" "EXTRA_COMPILER_FLAGS=-mcpu=cortex-a9 -mfpu=vfpv3 -mfloat-abi=hard -nostar
tfiles -g -Wall -Wextra"

"Compiling axivdma"

arm-none-eabi-ar: creating ../../../lib/libxil.a
"Running Make libs in ps7_cortexa9_0/libsrc/coresightps_dcc_v1_6/src"

make -C ps7_cortexa9_0/libsrc/coresightps_dcc_v1_6/src -s libs  "SHELL=CMD" "COMPILER=arm-none-eabi-gcc" "ASSEMBLER=arm-none-ea
bi-as" "ARCHIVER=arm-none-eabi-ar" "COMPILER_FLAGS=  -O2 -c" "EXTRA_COMPILER_FLAGS=-mcpu=cortex-a9 -mfpu=vfpv3 -mfloat-abi=hard
 -nostartfiles -g -Wall -Wextra"

"Compiling coresightps_dcc"

"Running Make libs in ps7_cortexa9_0/libsrc/cpu_cortexa9_v2_8/src"

make -C ps7_cortexa9_0/libsrc/cpu_cortexa9_v2_8/src -s libs  "SHELL=CMD" "COMPILER=arm-none-eabi-gcc" "ASSEMBLER=arm-none-eabi-
as" "ARCHIVER=arm-none-eabi-ar" "COMPILER_FLAGS=  -O2 -c" "EXTRA_COMPILER_FLAGS=-mcpu=cortex-a9 -mfpu=vfpv3 -mfloat-abi=hard -n
ostartfiles -g -Wall -Wextra"

"Compiling cpu_cortexa9"

"Running Make libs in ps7_cortexa9_0/libsrc/ddrps_v1_0/src"

make -C ps7_cortexa9_0/libsrc/ddrps_v1_0/src -s libs  "SHELL=CMD" "COMPILER=arm-none-eabi-gcc" "ASSEMBLER=arm-none-eabi-as" "AR
CHIVER=arm-none-eabi-ar" "COMPILER_FLAGS=  -O2 -c" "EXTRA_COMPILER_FLAGS=-mcpu=cortex-a9 -mfpu=vfpv3 -mfloat-abi=hard -nostartf
iles -g -Wall -Wextra"

"Compiling ddrps"

"Running Make libs in ps7_cortexa9_0/libsrc/devcfg_v3_5/src"

make -C ps7_cortexa9_0/libsrc/devcfg_v3_5/src -s libs  "SHELL=CMD" "COMPILER=arm-none-eabi-gcc" "ASSEMBLER=arm-none-eabi-as" "A
RCHIVER=arm-none-eabi-ar" "COMPILER_FLAGS=  -O2 -c" "EXTRA_COMPILER_FLAGS=-mcpu=cortex-a9 -mfpu=vfpv3 -mfloat-abi=hard -nostart
files -g -Wall -Wextra"

"Compiling devcfg"

"Running Make libs in ps7_cortexa9_0/libsrc/dmaps_v2_5/src"

make -C ps7_cortexa9_0/libsrc/dmaps_v2_5/src -s libs  "SHELL=CMD" "COMPILER=arm-none-eabi-gcc" "ASSEMBLER=arm-none-eabi-as" "AR
CHIVER=arm-none-eabi-ar" "COMPILER_FLAGS=  -O2 -c" "EXTRA_COMPILER_FLAGS=-mcpu=cortex-a9 -mfpu=vfpv3 -mfloat-abi=hard -nostartf
iles -g -Wall -Wextra"

"Compiling dmaps"

"Running Make libs in ps7_cortexa9_0/libsrc/emacps_v3_10/src"

make -C ps7_cortexa9_0/libsrc/emacps_v3_10/src -s libs  "SHELL=CMD" "COMPILER=arm-none-eabi-gcc" "ASSEMBLER=arm-none-eabi-as" "
ARCHIVER=arm-none-eabi-ar" "COMPILER_FLAGS=  -O2 -c" "EXTRA_COMPILER_FLAGS=-mcpu=cortex-a9 -mfpu=vfpv3 -mfloat-abi=hard -nostar
tfiles -g -Wall -Wextra"

"Compiling emacps"

"Running Make libs in ps7_cortexa9_0/libsrc/gpiops_v3_6/src"

make -C ps7_cortexa9_0/libsrc/gpiops_v3_6/src -s libs  "SHELL=CMD" "COMPILER=arm-none-eabi-gcc" "ASSEMBLER=arm-none-eabi-as" "A
RCHIVER=arm-none-eabi-ar" "COMPILER_FLAGS=  -O2 -c" "EXTRA_COMPILER_FLAGS=-mcpu=cortex-a9 -mfpu=vfpv3 -mfloat-abi=hard -nostart
files -g -Wall -Wextra"

"Compiling gpiops"

"Running Make libs in ps7_cortexa9_0/libsrc/gpio_v4_5/src"

make -C ps7_cortexa9_0/libsrc/gpio_v4_5/src -s libs  "SHELL=CMD" "COMPILER=arm-none-eabi-gcc" "ASSEMBLER=arm-none-eabi-as" "ARC
HIVER=arm-none-eabi-ar" "COMPILER_FLAGS=  -O2 -c" "EXTRA_COMPILER_FLAGS=-mcpu=cortex-a9 -mfpu=vfpv3 -mfloat-abi=hard -nostartfi
les -g -Wall -Wextra"

"Compiling gpio"

"Running Make libs in ps7_cortexa9_0/libsrc/iicps_v3_10/src"

make -C ps7_cortexa9_0/libsrc/iicps_v3_10/src -s libs  "SHELL=CMD" "COMPILER=arm-none-eabi-gcc" "ASSEMBLER=arm-none-eabi-as" "A
RCHIVER=arm-none-eabi-ar" "COMPILER_FLAGS=  -O2 -c" "EXTRA_COMPILER_FLAGS=-mcpu=cortex-a9 -mfpu=vfpv3 -mfloat-abi=hard -nostart
files -g -Wall -Wextra"

"Compiling iicps"

"Running Make libs in ps7_cortexa9_0/libsrc/MIPI_CSI_2_RX_v1_0/src"

make -C ps7_cortexa9_0/libsrc/MIPI_CSI_2_RX_v1_0/src -s libs  "SHELL=CMD" "COMPILER=arm-none-eabi-gcc" "ASSEMBLER=arm-none-eabi
-as" "ARCHIVER=arm-none-eabi-ar" "COMPILER_FLAGS=  -O2 -c" "EXTRA_COMPILER_FLAGS=-mcpu=cortex-a9 -mfpu=vfpv3 -mfloat-abi=hard -
nostartfiles -g -Wall -Wextra"

"Compiling MIPI_CSI_2_RX..."

"Running Make libs in ps7_cortexa9_0/libsrc/MIPI_D_PHY_RX_v1_0/src"

make -C ps7_cortexa9_0/libsrc/MIPI_D_PHY_RX_v1_0/src -s libs  "SHELL=CMD" "COMPILER=arm-none-eabi-gcc" "ASSEMBLER=arm-none-eabi
-as" "ARCHIVER=arm-none-eabi-ar" "COMPILER_FLAGS=  -O2 -c" "EXTRA_COMPILER_FLAGS=-mcpu=cortex-a9 -mfpu=vfpv3 -mfloat-abi=hard -
nostartfiles -g -Wall -Wextra"

"Compiling MIPI_D_PHY_RX..."

"Running Make libs in ps7_cortexa9_0/libsrc/qspips_v3_6/src"

make -C ps7_cortexa9_0/libsrc/qspips_v3_6/src -s libs  "SHELL=CMD" "COMPILER=arm-none-eabi-gcc" "ASSEMBLER=arm-none-eabi-as" "A
RCHIVER=arm-none-eabi-ar" "COMPILER_FLAGS=  -O2 -c" "EXTRA_COMPILER_FLAGS=-mcpu=cortex-a9 -mfpu=vfpv3 -mfloat-abi=hard -nostart
files -g -Wall -Wextra"

"Compiling qspips"

"Running Make libs in ps7_cortexa9_0/libsrc/scugic_v4_1/src"

make -C ps7_cortexa9_0/libsrc/scugic_v4_1/src -s libs  "SHELL=CMD" "COMPILER=arm-none-eabi-gcc" "ASSEMBLER=arm-none-eabi-as" "A
RCHIVER=arm-none-eabi-ar" "COMPILER_FLAGS=  -O2 -c" "EXTRA_COMPILER_FLAGS=-mcpu=cortex-a9 -mfpu=vfpv3 -mfloat-abi=hard -nostart
files -g -Wall -Wextra"

"Compiling scugic"

"Running Make libs in ps7_cortexa9_0/libsrc/scutimer_v2_1/src"

make -C ps7_cortexa9_0/libsrc/scutimer_v2_1/src -s libs  "SHELL=CMD" "COMPILER=arm-none-eabi-gcc" "ASSEMBLER=arm-none-eabi-as" 
"ARCHIVER=arm-none-eabi-ar" "COMPILER_FLAGS=  -O2 -c" "EXTRA_COMPILER_FLAGS=-mcpu=cortex-a9 -mfpu=vfpv3 -mfloat-abi=hard -nosta
rtfiles -g -Wall -Wextra"

"Compiling scutimer"

"Running Make libs in ps7_cortexa9_0/libsrc/scuwdt_v2_1/src"

make -C ps7_cortexa9_0/libsrc/scuwdt_v2_1/src -s libs  "SHELL=CMD" "COMPILER=arm-none-eabi-gcc" "ASSEMBLER=arm-none-eabi-as" "A
RCHIVER=arm-none-eabi-ar" "COMPILER_FLAGS=  -O2 -c" "EXTRA_COMPILER_FLAGS=-mcpu=cortex-a9 -mfpu=vfpv3 -mfloat-abi=hard -nostart
files -g -Wall -Wextra"

"Compiling scuwdt"

"Running Make libs in ps7_cortexa9_0/libsrc/sdps_v3_8/src"

make -C ps7_cortexa9_0/libsrc/sdps_v3_8/src -s libs  "SHELL=CMD" "COMPILER=arm-none-eabi-gcc" "ASSEMBLER=arm-none-eabi-as" "ARC
HIVER=arm-none-eabi-ar" "COMPILER_FLAGS=  -O2 -c" "EXTRA_COMPILER_FLAGS=-mcpu=cortex-a9 -mfpu=vfpv3 -mfloat-abi=hard -nostartfi
les -g -Wall -Wextra"

"Compiling sdps"

"Running Make libs in ps7_cortexa9_0/libsrc/standalone_v7_1/src"

make -C ps7_cortexa9_0/libsrc/standalone_v7_1/src -s libs  "SHELL=CMD" "COMPILER=arm-none-eabi-gcc" "ASSEMBLER=arm-none-eabi-as
" "ARCHIVER=arm-none-eabi-ar" "COMPILER_FLAGS=  -O2 -c" "EXTRA_COMPILER_FLAGS=-mcpu=cortex-a9 -mfpu=vfpv3 -mfloat-abi=hard -nos
tartfiles -g -Wall -Wextra"

"Compiling standalone"

In file included from usleep.c:54:
xtime_l.h:85:9: note: #pragma message: For the sleep routines, Global timer is being used
 #pragma message ("For the sleep routines, Global timer is being used")
         ^~~~~~~
In file included from xil_sleeptimer.c:52:
xtime_l.h:85:9: note: #pragma message: For the sleep routines, Global timer is being used
 #pragma message ("For the sleep routines, Global timer is being used")
         ^~~~~~~
In file included from xtime_l.c:47:
xtime_l.h:85:9: note: #pragma message: For the sleep routines, Global timer is being used
 #pragma message ("For the sleep routines, Global timer is being used")
         ^~~~~~~
In file included from sleep.c:51:
xtime_l.h:85:9: note: #pragma message: For the sleep routines, Global timer is being used
 #pragma message ("For the sleep routines, Global timer is being used")
         ^~~~~~~
"Running Make libs in ps7_cortexa9_0/libsrc/uartps_v3_8/src"

make -C ps7_cortexa9_0/libsrc/uartps_v3_8/src -s libs  "SHELL=CMD" "COMPILER=arm-none-eabi-gcc" "ASSEMBLER=arm-none-eabi-as" "A
RCHIVER=arm-none-eabi-ar" "COMPILER_FLAGS=  -O2 -c" "EXTRA_COMPILER_FLAGS=-mcpu=cortex-a9 -mfpu=vfpv3 -mfloat-abi=hard -nostart
files -g -Wall -Wextra"

"Compiling uartps"

"Running Make libs in ps7_cortexa9_0/libsrc/usbps_v2_4/src"

make -C ps7_cortexa9_0/libsrc/usbps_v2_4/src -s libs  "SHELL=CMD" "COMPILER=arm-none-eabi-gcc" "ASSEMBLER=arm-none-eabi-as" "AR
CHIVER=arm-none-eabi-ar" "COMPILER_FLAGS=  -O2 -c" "EXTRA_COMPILER_FLAGS=-mcpu=cortex-a9 -mfpu=vfpv3 -mfloat-abi=hard -nostartf
iles -g -Wall -Wextra"

"Compiling usbps"

"Running Make libs in ps7_cortexa9_0/libsrc/video_scaler_v1_0/src"

make -C ps7_cortexa9_0/libsrc/video_scaler_v1_0/src -s libs  "SHELL=CMD" "COMPILER=arm-none-eabi-gcc" "ASSEMBLER=arm-none-eabi-
as" "ARCHIVER=arm-none-eabi-ar" "COMPILER_FLAGS=  -O2 -c" "EXTRA_COMPILER_FLAGS=-mcpu=cortex-a9 -mfpu=vfpv3 -mfloat-abi=hard -n
ostartfiles -g -Wall -Wextra"

"Compiling video_scaler"

"Running Make libs in ps7_cortexa9_0/libsrc/xadcps_v2_3/src"

make -C ps7_cortexa9_0/libsrc/xadcps_v2_3/src -s libs  "SHELL=CMD" "COMPILER=arm-none-eabi-gcc" "ASSEMBLER=arm-none-eabi-as" "A
RCHIVER=arm-none-eabi-ar" "COMPILER_FLAGS=  -O2 -c" "EXTRA_COMPILER_FLAGS=-mcpu=cortex-a9 -mfpu=vfpv3 -mfloat-abi=hard -nostart
files -g -Wall -Wextra"

"Compiling xadcps"

'Finished building libraries'

16:57:15 **** Build of configuration Debug for project application ****
make all 
make --no-print-directory pre-build
a9-linaro-pre-build-step
' '
make --no-print-directory main-build
'Building file: ../src/verbose/verbose.c'
'Invoking: ARM v7 g++ compiler'
arm-none-eabi-g++ -Wall -O0 -g3 -c -fmessage-length=0 -MT"src/verbose/verbose.o" -mcpu=cortex-a9 -mfpu=vfpv3 -mfloat-abi=hard -IF:/PFE/Pcam_base_2023_vitis/platform/export/platform/sw/platform/standalone_domain/bspinclude/include -MMD -MP -MF"src/verbose/verbose.d" -MT"src/verbose/verbose.o" -o "src/verbose/verbose.o" "../src/verbose/verbose.c"
'Finished building: ../src/verbose/verbose.c'
' '
'Building file: ../src/uart/uart_ps.c'
'Invoking: ARM v7 g++ compiler'
arm-none-eabi-g++ -Wall -O0 -g3 -c -fmessage-length=0 -MT"src/uart/uart_ps.o" -mcpu=cortex-a9 -mfpu=vfpv3 -mfloat-abi=hard -IF:/PFE/Pcam_base_2023_vitis/platform/export/platform/sw/platform/standalone_domain/bspinclude/include -MMD -MP -MF"src/uart/uart_ps.d" -MT"src/uart/uart_ps.o" -o "src/uart/uart_ps.o" "../src/uart/uart_ps.c"
'Finished building: ../src/uart/uart_ps.c'
' '
'Building file: ../src/platform/platform.c'
'Invoking: ARM v7 g++ compiler'
arm-none-eabi-g++ -Wall -O0 -g3 -c -fmessage-length=0 -MT"src/platform/platform.o" -mcpu=cortex-a9 -mfpu=vfpv3 -mfloat-abi=hard -IF:/PFE/Pcam_base_2023_vitis/platform/export/platform/sw/platform/standalone_domain/bspinclude/include -MMD -MP -MF"src/platform/platform.d" -MT"src/platform/platform.o" -o "src/platform/platform.o" "../src/platform/platform.c"
'Finished building: ../src/platform/platform.c'
' '
'Building file: ../src/main.cc'
'Invoking: ARM v7 g++ compiler'
arm-none-eabi-g++ -Wall -O0 -g3 -c -fmessage-length=0 -MT"src/main.o" -mcpu=cortex-a9 -mfpu=vfpv3 -mfloat-abi=hard -IF:/PFE/Pcam_base_2023_vitis/platform/export/platform/sw/platform/standalone_domain/bspinclude/include -MMD -MP -MF"src/main.d" -MT"src/main.o" -o "src/main.o" "../src/main.cc"
'Finished building: ../src/main.cc'
' '
'Building target: application.elf'
'Invoking: ARM v7 g++ linker'
arm-none-eabi-g++ -mcpu=cortex-a9 -mfpu=vfpv3 -mfloat-abi=hard -Wl,-build-id=none -specs=Xilinx.spec -Wl,-T -Wl,../src/lscript.ld -LF:/PFE/Pcam_base_2023_vitis/platform/export/platform/sw/platform/standalone_domain/bsplib/lib -o "application.elf"  ./src/verbose/verbose.o  ./src/uart/uart_ps.o  ./src/platform/platform.o  ./src/main.o   -Wl,--start-group,-lxil,-lgcc,-lc,-lstdc++,--end-group
'Finished building target: application.elf'
' '
'Invoking: ARM v7 Print Size'
arm-none-eabi-size application.elf  |tee "application.elf.size"
   text	   data	    bss	    dec	    hex	filename
 630603	   3968	 152692	 787263	  c033f	application.elf
'Finished building: application.elf.size'
' '
