#-----------------------------------------------------------
# Vivado v2019.2 (64-bit)
# SW Build 2708876 on Wed Nov  6 21:40:23 MST 2019
# IP Build 2700528 on Thu Nov  7 00:09:20 MST 2019
# Start of session at: Fri Oct 20 15:43:30 2023
# Process ID: 4748
# Current directory: C:/Users/Juliette GAGNEPAIN/Downloads/ZedBoard-FMC-Pcam-Adapter-Dual-Camera-2018.2-1/vivado_proj/ZedBoard-FMC-Pcam-Adapter-DEMO.runs/system_axi_cama_bta_0_synth_1
# Command line: vivado.exe -log system_axi_cama_bta_0.vds -product Vivado -mode batch -messageDb vivado.pb -notrace -source system_axi_cama_bta_0.tcl
# Log file: C:/Users/Juliette GAGNEPAIN/Downloads/ZedBoard-FMC-Pcam-Adapter-Dual-Camera-2018.2-1/vivado_proj/ZedBoard-FMC-Pcam-Adapter-DEMO.runs/system_axi_cama_bta_0_synth_1/system_axi_cama_bta_0.vds
# Journal file: C:/Users/Juliette GAGNEPAIN/Downloads/ZedBoard-FMC-Pcam-Adapter-Dual-Camera-2018.2-1/vivado_proj/ZedBoard-FMC-Pcam-Adapter-DEMO.runs/system_axi_cama_bta_0_synth_1\vivado.jou
#-----------------------------------------------------------
source system_axi_cama_bta_0.tcl -notrace
